

================================================================
== Vivado HLS Report for 'MakeHT'
================================================================
* Date:           Wed Aug 22 18:04:34 2018

* Version:        2016.4 (Build 1733598 on Wed Dec 14 22:59:20 MST 2016)
* Project:        MakeHT
* Solution:       solution2
* Product family: virtex7
* Target device:  xc7vx690tffg1927-2


================================================================
== Performance Estimates
================================================================
+ Timing (ns): 
    * Summary: 
    +--------+-------+----------+------------+
    |  Clock | Target| Estimated| Uncertainty|
    +--------+-------+----------+------------+
    |ap_clk  |  10.00|      8.69|        1.25|
    +--------+-------+----------+------------+

+ Latency (clock cycles): 
    * Summary: 
    +-----+-----+-----+-----+----------+
    |  Latency  |  Interval | Pipeline |
    | min | max | min | max |   Type   |
    +-----+-----+-----+-----+----------+
    |   79|   79|   80|   80| dataflow |
    +-----+-----+-----+-----+----------+

    + Detail: 
        * Instance: 
        +----------------------------------+-----------------------+-----+-----+-----+-----+---------+
        |                                  |                       |  Latency  |  Interval | Pipeline|
        |             Instance             |         Module        | min | max | min | max |   Type  |
        +----------------------------------+-----------------------+-----+-----+-----+-----+---------+
        |grp_Block_codeRepl84651_s_fu_862  |Block_codeRepl84651_s  |   79|   79|   79|   79|   none  |
        +----------------------------------+-----------------------+-----+-----+-----+-----+---------+

        * Loop: 
        N/A



================================================================
== Utilization Estimates
================================================================
* Summary: 
+-----------------+---------+-------+--------+--------+
|       Name      | BRAM_18K| DSP48E|   FF   |   LUT  |
+-----------------+---------+-------+--------+--------+
|DSP              |        -|      -|       -|       -|
|Expression       |        -|      -|       -|       -|
|FIFO             |        -|      -|       -|       -|
|Instance         |       22|      -|    2997|   27663|
|Memory           |        -|      -|       -|       -|
|Multiplexer      |        -|      -|       -|       -|
|Register         |        -|      -|       -|       -|
+-----------------+---------+-------+--------+--------+
|Total            |       22|      0|    2997|   27663|
+-----------------+---------+-------+--------+--------+
|Available        |     2940|   3600|  866400|  433200|
+-----------------+---------+-------+--------+--------+
|Utilization (%)  |    ~0   |      0|   ~0   |       6|
+-----------------+---------+-------+--------+--------+

+ Detail: 
    * Instance: 
    +------------------------+-----------------------+---------+-------+------+-------+
    |        Instance        |         Module        | BRAM_18K| DSP48E|  FF  |  LUT  |
    +------------------------+-----------------------+---------+-------+------+-------+
    |Block_codeRepl84651_U0  |Block_codeRepl84651_s  |       22|      0|  2997|  27663|
    +------------------------+-----------------------+---------+-------+------+-------+
    |Total                   |                       |       22|      0|  2997|  27663|
    +------------------------+-----------------------+---------+-------+------+-------+

    * DSP48: 
    N/A

    * Memory: 
    N/A

    * FIFO: 
    N/A

    * Expression: 
    N/A

    * Multiplexer: 
    N/A

    * Register: 
    N/A



================================================================
== Interface
================================================================
* Summary: 
+-----------+-----+-----+------------+--------------+--------------+
| RTL Ports | Dir | Bits|  Protocol  | Source Object|    C Type    |
+-----------+-----+-----+------------+--------------+--------------+
|rgnET_0    |  in |   16|   ap_none  |    rgnET_0   |    pointer   |
|rgnET_1    |  in |   16|   ap_none  |    rgnET_1   |    pointer   |
|rgnET_2    |  in |   16|   ap_none  |    rgnET_2   |    pointer   |
|rgnET_3    |  in |   16|   ap_none  |    rgnET_3   |    pointer   |
|rgnET_4    |  in |   16|   ap_none  |    rgnET_4   |    pointer   |
|rgnET_5    |  in |   16|   ap_none  |    rgnET_5   |    pointer   |
|rgnET_6    |  in |   16|   ap_none  |    rgnET_6   |    pointer   |
|rgnET_7    |  in |   16|   ap_none  |    rgnET_7   |    pointer   |
|rgnET_8    |  in |   16|   ap_none  |    rgnET_8   |    pointer   |
|rgnET_9    |  in |   16|   ap_none  |    rgnET_9   |    pointer   |
|rgnET_10   |  in |   16|   ap_none  |   rgnET_10   |    pointer   |
|rgnET_11   |  in |   16|   ap_none  |   rgnET_11   |    pointer   |
|rgnET_12   |  in |   16|   ap_none  |   rgnET_12   |    pointer   |
|rgnET_13   |  in |   16|   ap_none  |   rgnET_13   |    pointer   |
|rgnET_14   |  in |   16|   ap_none  |   rgnET_14   |    pointer   |
|rgnET_15   |  in |   16|   ap_none  |   rgnET_15   |    pointer   |
|rgnET_16   |  in |   16|   ap_none  |   rgnET_16   |    pointer   |
|rgnET_17   |  in |   16|   ap_none  |   rgnET_17   |    pointer   |
|rgnET_18   |  in |   16|   ap_none  |   rgnET_18   |    pointer   |
|rgnET_19   |  in |   16|   ap_none  |   rgnET_19   |    pointer   |
|rgnET_20   |  in |   16|   ap_none  |   rgnET_20   |    pointer   |
|rgnET_21   |  in |   16|   ap_none  |   rgnET_21   |    pointer   |
|rgnET_22   |  in |   16|   ap_none  |   rgnET_22   |    pointer   |
|rgnET_23   |  in |   16|   ap_none  |   rgnET_23   |    pointer   |
|rgnET_24   |  in |   16|   ap_none  |   rgnET_24   |    pointer   |
|rgnET_25   |  in |   16|   ap_none  |   rgnET_25   |    pointer   |
|rgnET_26   |  in |   16|   ap_none  |   rgnET_26   |    pointer   |
|rgnET_27   |  in |   16|   ap_none  |   rgnET_27   |    pointer   |
|rgnET_28   |  in |   16|   ap_none  |   rgnET_28   |    pointer   |
|rgnET_29   |  in |   16|   ap_none  |   rgnET_29   |    pointer   |
|rgnET_30   |  in |   16|   ap_none  |   rgnET_30   |    pointer   |
|rgnET_31   |  in |   16|   ap_none  |   rgnET_31   |    pointer   |
|rgnET_32   |  in |   16|   ap_none  |   rgnET_32   |    pointer   |
|rgnET_33   |  in |   16|   ap_none  |   rgnET_33   |    pointer   |
|rgnET_34   |  in |   16|   ap_none  |   rgnET_34   |    pointer   |
|rgnET_35   |  in |   16|   ap_none  |   rgnET_35   |    pointer   |
|rgnET_36   |  in |   16|   ap_none  |   rgnET_36   |    pointer   |
|rgnET_37   |  in |   16|   ap_none  |   rgnET_37   |    pointer   |
|rgnET_38   |  in |   16|   ap_none  |   rgnET_38   |    pointer   |
|rgnET_39   |  in |   16|   ap_none  |   rgnET_39   |    pointer   |
|rgnET_40   |  in |   16|   ap_none  |   rgnET_40   |    pointer   |
|rgnET_41   |  in |   16|   ap_none  |   rgnET_41   |    pointer   |
|rgnET_42   |  in |   16|   ap_none  |   rgnET_42   |    pointer   |
|rgnET_43   |  in |   16|   ap_none  |   rgnET_43   |    pointer   |
|rgnET_44   |  in |   16|   ap_none  |   rgnET_44   |    pointer   |
|rgnET_45   |  in |   16|   ap_none  |   rgnET_45   |    pointer   |
|rgnET_46   |  in |   16|   ap_none  |   rgnET_46   |    pointer   |
|rgnET_47   |  in |   16|   ap_none  |   rgnET_47   |    pointer   |
|rgnET_48   |  in |   16|   ap_none  |   rgnET_48   |    pointer   |
|rgnET_49   |  in |   16|   ap_none  |   rgnET_49   |    pointer   |
|rgnET_50   |  in |   16|   ap_none  |   rgnET_50   |    pointer   |
|rgnET_51   |  in |   16|   ap_none  |   rgnET_51   |    pointer   |
|rgnET_52   |  in |   16|   ap_none  |   rgnET_52   |    pointer   |
|rgnET_53   |  in |   16|   ap_none  |   rgnET_53   |    pointer   |
|rgnET_54   |  in |   16|   ap_none  |   rgnET_54   |    pointer   |
|rgnET_55   |  in |   16|   ap_none  |   rgnET_55   |    pointer   |
|rgnET_56   |  in |   16|   ap_none  |   rgnET_56   |    pointer   |
|rgnET_57   |  in |   16|   ap_none  |   rgnET_57   |    pointer   |
|rgnET_58   |  in |   16|   ap_none  |   rgnET_58   |    pointer   |
|rgnET_59   |  in |   16|   ap_none  |   rgnET_59   |    pointer   |
|rgnET_60   |  in |   16|   ap_none  |   rgnET_60   |    pointer   |
|rgnET_61   |  in |   16|   ap_none  |   rgnET_61   |    pointer   |
|rgnET_62   |  in |   16|   ap_none  |   rgnET_62   |    pointer   |
|rgnET_63   |  in |   16|   ap_none  |   rgnET_63   |    pointer   |
|rgnET_64   |  in |   16|   ap_none  |   rgnET_64   |    pointer   |
|rgnET_65   |  in |   16|   ap_none  |   rgnET_65   |    pointer   |
|rgnET_66   |  in |   16|   ap_none  |   rgnET_66   |    pointer   |
|rgnET_67   |  in |   16|   ap_none  |   rgnET_67   |    pointer   |
|rgnET_68   |  in |   16|   ap_none  |   rgnET_68   |    pointer   |
|rgnET_69   |  in |   16|   ap_none  |   rgnET_69   |    pointer   |
|rgnET_70   |  in |   16|   ap_none  |   rgnET_70   |    pointer   |
|rgnET_71   |  in |   16|   ap_none  |   rgnET_71   |    pointer   |
|rgnET_72   |  in |   16|   ap_none  |   rgnET_72   |    pointer   |
|rgnET_73   |  in |   16|   ap_none  |   rgnET_73   |    pointer   |
|rgnET_74   |  in |   16|   ap_none  |   rgnET_74   |    pointer   |
|rgnET_75   |  in |   16|   ap_none  |   rgnET_75   |    pointer   |
|rgnET_76   |  in |   16|   ap_none  |   rgnET_76   |    pointer   |
|rgnET_77   |  in |   16|   ap_none  |   rgnET_77   |    pointer   |
|rgnET_78   |  in |   16|   ap_none  |   rgnET_78   |    pointer   |
|rgnET_79   |  in |   16|   ap_none  |   rgnET_79   |    pointer   |
|rgnET_80   |  in |   16|   ap_none  |   rgnET_80   |    pointer   |
|rgnET_81   |  in |   16|   ap_none  |   rgnET_81   |    pointer   |
|rgnET_82   |  in |   16|   ap_none  |   rgnET_82   |    pointer   |
|rgnET_83   |  in |   16|   ap_none  |   rgnET_83   |    pointer   |
|rgnET_84   |  in |   16|   ap_none  |   rgnET_84   |    pointer   |
|rgnET_85   |  in |   16|   ap_none  |   rgnET_85   |    pointer   |
|rgnET_86   |  in |   16|   ap_none  |   rgnET_86   |    pointer   |
|rgnET_87   |  in |   16|   ap_none  |   rgnET_87   |    pointer   |
|rgnET_88   |  in |   16|   ap_none  |   rgnET_88   |    pointer   |
|rgnET_89   |  in |   16|   ap_none  |   rgnET_89   |    pointer   |
|rgnET_90   |  in |   16|   ap_none  |   rgnET_90   |    pointer   |
|rgnET_91   |  in |   16|   ap_none  |   rgnET_91   |    pointer   |
|rgnET_92   |  in |   16|   ap_none  |   rgnET_92   |    pointer   |
|rgnET_93   |  in |   16|   ap_none  |   rgnET_93   |    pointer   |
|rgnET_94   |  in |   16|   ap_none  |   rgnET_94   |    pointer   |
|rgnET_95   |  in |   16|   ap_none  |   rgnET_95   |    pointer   |
|rgnET_96   |  in |   16|   ap_none  |   rgnET_96   |    pointer   |
|rgnET_97   |  in |   16|   ap_none  |   rgnET_97   |    pointer   |
|rgnET_98   |  in |   16|   ap_none  |   rgnET_98   |    pointer   |
|rgnET_99   |  in |   16|   ap_none  |   rgnET_99   |    pointer   |
|rgnET_100  |  in |   16|   ap_none  |   rgnET_100  |    pointer   |
|rgnET_101  |  in |   16|   ap_none  |   rgnET_101  |    pointer   |
|rgnET_102  |  in |   16|   ap_none  |   rgnET_102  |    pointer   |
|rgnET_103  |  in |   16|   ap_none  |   rgnET_103  |    pointer   |
|rgnET_104  |  in |   16|   ap_none  |   rgnET_104  |    pointer   |
|rgnET_105  |  in |   16|   ap_none  |   rgnET_105  |    pointer   |
|rgnET_106  |  in |   16|   ap_none  |   rgnET_106  |    pointer   |
|rgnET_107  |  in |   16|   ap_none  |   rgnET_107  |    pointer   |
|rgnET_108  |  in |   16|   ap_none  |   rgnET_108  |    pointer   |
|rgnET_109  |  in |   16|   ap_none  |   rgnET_109  |    pointer   |
|rgnET_110  |  in |   16|   ap_none  |   rgnET_110  |    pointer   |
|rgnET_111  |  in |   16|   ap_none  |   rgnET_111  |    pointer   |
|rgnET_112  |  in |   16|   ap_none  |   rgnET_112  |    pointer   |
|rgnET_113  |  in |   16|   ap_none  |   rgnET_113  |    pointer   |
|rgnET_114  |  in |   16|   ap_none  |   rgnET_114  |    pointer   |
|rgnET_115  |  in |   16|   ap_none  |   rgnET_115  |    pointer   |
|rgnET_116  |  in |   16|   ap_none  |   rgnET_116  |    pointer   |
|rgnET_117  |  in |   16|   ap_none  |   rgnET_117  |    pointer   |
|rgnET_118  |  in |   16|   ap_none  |   rgnET_118  |    pointer   |
|rgnET_119  |  in |   16|   ap_none  |   rgnET_119  |    pointer   |
|rgnET_120  |  in |   16|   ap_none  |   rgnET_120  |    pointer   |
|rgnET_121  |  in |   16|   ap_none  |   rgnET_121  |    pointer   |
|rgnET_122  |  in |   16|   ap_none  |   rgnET_122  |    pointer   |
|rgnET_123  |  in |   16|   ap_none  |   rgnET_123  |    pointer   |
|rgnET_124  |  in |   16|   ap_none  |   rgnET_124  |    pointer   |
|rgnET_125  |  in |   16|   ap_none  |   rgnET_125  |    pointer   |
|rgnET_126  |  in |   16|   ap_none  |   rgnET_126  |    pointer   |
|rgnET_127  |  in |   16|   ap_none  |   rgnET_127  |    pointer   |
|rgnET_128  |  in |   16|   ap_none  |   rgnET_128  |    pointer   |
|rgnET_129  |  in |   16|   ap_none  |   rgnET_129  |    pointer   |
|rgnET_130  |  in |   16|   ap_none  |   rgnET_130  |    pointer   |
|rgnET_131  |  in |   16|   ap_none  |   rgnET_131  |    pointer   |
|rgnET_132  |  in |   16|   ap_none  |   rgnET_132  |    pointer   |
|rgnET_133  |  in |   16|   ap_none  |   rgnET_133  |    pointer   |
|rgnET_134  |  in |   16|   ap_none  |   rgnET_134  |    pointer   |
|rgnET_135  |  in |   16|   ap_none  |   rgnET_135  |    pointer   |
|rgnET_136  |  in |   16|   ap_none  |   rgnET_136  |    pointer   |
|rgnET_137  |  in |   16|   ap_none  |   rgnET_137  |    pointer   |
|rgnET_138  |  in |   16|   ap_none  |   rgnET_138  |    pointer   |
|rgnET_139  |  in |   16|   ap_none  |   rgnET_139  |    pointer   |
|rgnET_140  |  in |   16|   ap_none  |   rgnET_140  |    pointer   |
|rgnET_141  |  in |   16|   ap_none  |   rgnET_141  |    pointer   |
|rgnET_142  |  in |   16|   ap_none  |   rgnET_142  |    pointer   |
|rgnET_143  |  in |   16|   ap_none  |   rgnET_143  |    pointer   |
|rgnET_144  |  in |   16|   ap_none  |   rgnET_144  |    pointer   |
|rgnET_145  |  in |   16|   ap_none  |   rgnET_145  |    pointer   |
|rgnET_146  |  in |   16|   ap_none  |   rgnET_146  |    pointer   |
|rgnET_147  |  in |   16|   ap_none  |   rgnET_147  |    pointer   |
|rgnET_148  |  in |   16|   ap_none  |   rgnET_148  |    pointer   |
|rgnET_149  |  in |   16|   ap_none  |   rgnET_149  |    pointer   |
|rgnET_150  |  in |   16|   ap_none  |   rgnET_150  |    pointer   |
|rgnET_151  |  in |   16|   ap_none  |   rgnET_151  |    pointer   |
|rgnET_152  |  in |   16|   ap_none  |   rgnET_152  |    pointer   |
|rgnET_153  |  in |   16|   ap_none  |   rgnET_153  |    pointer   |
|rgnET_154  |  in |   16|   ap_none  |   rgnET_154  |    pointer   |
|rgnET_155  |  in |   16|   ap_none  |   rgnET_155  |    pointer   |
|rgnET_156  |  in |   16|   ap_none  |   rgnET_156  |    pointer   |
|rgnET_157  |  in |   16|   ap_none  |   rgnET_157  |    pointer   |
|rgnET_158  |  in |   16|   ap_none  |   rgnET_158  |    pointer   |
|rgnET_159  |  in |   16|   ap_none  |   rgnET_159  |    pointer   |
|rgnET_160  |  in |   16|   ap_none  |   rgnET_160  |    pointer   |
|rgnET_161  |  in |   16|   ap_none  |   rgnET_161  |    pointer   |
|rgnET_162  |  in |   16|   ap_none  |   rgnET_162  |    pointer   |
|rgnET_163  |  in |   16|   ap_none  |   rgnET_163  |    pointer   |
|rgnET_164  |  in |   16|   ap_none  |   rgnET_164  |    pointer   |
|rgnET_165  |  in |   16|   ap_none  |   rgnET_165  |    pointer   |
|rgnET_166  |  in |   16|   ap_none  |   rgnET_166  |    pointer   |
|rgnET_167  |  in |   16|   ap_none  |   rgnET_167  |    pointer   |
|rgnET_168  |  in |   16|   ap_none  |   rgnET_168  |    pointer   |
|rgnET_169  |  in |   16|   ap_none  |   rgnET_169  |    pointer   |
|rgnET_170  |  in |   16|   ap_none  |   rgnET_170  |    pointer   |
|rgnET_171  |  in |   16|   ap_none  |   rgnET_171  |    pointer   |
|rgnET_172  |  in |   16|   ap_none  |   rgnET_172  |    pointer   |
|rgnET_173  |  in |   16|   ap_none  |   rgnET_173  |    pointer   |
|rgnET_174  |  in |   16|   ap_none  |   rgnET_174  |    pointer   |
|rgnET_175  |  in |   16|   ap_none  |   rgnET_175  |    pointer   |
|rgnET_176  |  in |   16|   ap_none  |   rgnET_176  |    pointer   |
|rgnET_177  |  in |   16|   ap_none  |   rgnET_177  |    pointer   |
|rgnET_178  |  in |   16|   ap_none  |   rgnET_178  |    pointer   |
|rgnET_179  |  in |   16|   ap_none  |   rgnET_179  |    pointer   |
|rgnET_180  |  in |   16|   ap_none  |   rgnET_180  |    pointer   |
|rgnET_181  |  in |   16|   ap_none  |   rgnET_181  |    pointer   |
|rgnET_182  |  in |   16|   ap_none  |   rgnET_182  |    pointer   |
|rgnET_183  |  in |   16|   ap_none  |   rgnET_183  |    pointer   |
|rgnET_184  |  in |   16|   ap_none  |   rgnET_184  |    pointer   |
|rgnET_185  |  in |   16|   ap_none  |   rgnET_185  |    pointer   |
|rgnET_186  |  in |   16|   ap_none  |   rgnET_186  |    pointer   |
|rgnET_187  |  in |   16|   ap_none  |   rgnET_187  |    pointer   |
|rgnET_188  |  in |   16|   ap_none  |   rgnET_188  |    pointer   |
|rgnET_189  |  in |   16|   ap_none  |   rgnET_189  |    pointer   |
|rgnET_190  |  in |   16|   ap_none  |   rgnET_190  |    pointer   |
|rgnET_191  |  in |   16|   ap_none  |   rgnET_191  |    pointer   |
|rgnET_192  |  in |   16|   ap_none  |   rgnET_192  |    pointer   |
|rgnET_193  |  in |   16|   ap_none  |   rgnET_193  |    pointer   |
|rgnET_194  |  in |   16|   ap_none  |   rgnET_194  |    pointer   |
|rgnET_195  |  in |   16|   ap_none  |   rgnET_195  |    pointer   |
|rgnET_196  |  in |   16|   ap_none  |   rgnET_196  |    pointer   |
|rgnET_197  |  in |   16|   ap_none  |   rgnET_197  |    pointer   |
|rgnET_198  |  in |   16|   ap_none  |   rgnET_198  |    pointer   |
|rgnET_199  |  in |   16|   ap_none  |   rgnET_199  |    pointer   |
|rgnET_200  |  in |   16|   ap_none  |   rgnET_200  |    pointer   |
|rgnET_201  |  in |   16|   ap_none  |   rgnET_201  |    pointer   |
|rgnET_202  |  in |   16|   ap_none  |   rgnET_202  |    pointer   |
|rgnET_203  |  in |   16|   ap_none  |   rgnET_203  |    pointer   |
|rgnET_204  |  in |   16|   ap_none  |   rgnET_204  |    pointer   |
|rgnET_205  |  in |   16|   ap_none  |   rgnET_205  |    pointer   |
|rgnET_206  |  in |   16|   ap_none  |   rgnET_206  |    pointer   |
|rgnET_207  |  in |   16|   ap_none  |   rgnET_207  |    pointer   |
|rgnET_208  |  in |   16|   ap_none  |   rgnET_208  |    pointer   |
|rgnET_209  |  in |   16|   ap_none  |   rgnET_209  |    pointer   |
|rgnET_210  |  in |   16|   ap_none  |   rgnET_210  |    pointer   |
|rgnET_211  |  in |   16|   ap_none  |   rgnET_211  |    pointer   |
|rgnET_212  |  in |   16|   ap_none  |   rgnET_212  |    pointer   |
|rgnET_213  |  in |   16|   ap_none  |   rgnET_213  |    pointer   |
|rgnET_214  |  in |   16|   ap_none  |   rgnET_214  |    pointer   |
|rgnET_215  |  in |   16|   ap_none  |   rgnET_215  |    pointer   |
|rgnET_216  |  in |   16|   ap_none  |   rgnET_216  |    pointer   |
|rgnET_217  |  in |   16|   ap_none  |   rgnET_217  |    pointer   |
|rgnET_218  |  in |   16|   ap_none  |   rgnET_218  |    pointer   |
|rgnET_219  |  in |   16|   ap_none  |   rgnET_219  |    pointer   |
|rgnET_220  |  in |   16|   ap_none  |   rgnET_220  |    pointer   |
|rgnET_221  |  in |   16|   ap_none  |   rgnET_221  |    pointer   |
|rgnET_222  |  in |   16|   ap_none  |   rgnET_222  |    pointer   |
|rgnET_223  |  in |   16|   ap_none  |   rgnET_223  |    pointer   |
|rgnET_224  |  in |   16|   ap_none  |   rgnET_224  |    pointer   |
|rgnET_225  |  in |   16|   ap_none  |   rgnET_225  |    pointer   |
|rgnET_226  |  in |   16|   ap_none  |   rgnET_226  |    pointer   |
|rgnET_227  |  in |   16|   ap_none  |   rgnET_227  |    pointer   |
|rgnET_228  |  in |   16|   ap_none  |   rgnET_228  |    pointer   |
|rgnET_229  |  in |   16|   ap_none  |   rgnET_229  |    pointer   |
|rgnET_230  |  in |   16|   ap_none  |   rgnET_230  |    pointer   |
|rgnET_231  |  in |   16|   ap_none  |   rgnET_231  |    pointer   |
|rgnET_232  |  in |   16|   ap_none  |   rgnET_232  |    pointer   |
|rgnET_233  |  in |   16|   ap_none  |   rgnET_233  |    pointer   |
|rgnET_234  |  in |   16|   ap_none  |   rgnET_234  |    pointer   |
|rgnET_235  |  in |   16|   ap_none  |   rgnET_235  |    pointer   |
|rgnET_236  |  in |   16|   ap_none  |   rgnET_236  |    pointer   |
|rgnET_237  |  in |   16|   ap_none  |   rgnET_237  |    pointer   |
|rgnET_238  |  in |   16|   ap_none  |   rgnET_238  |    pointer   |
|rgnET_239  |  in |   16|   ap_none  |   rgnET_239  |    pointer   |
|rgnET_240  |  in |   16|   ap_none  |   rgnET_240  |    pointer   |
|rgnET_241  |  in |   16|   ap_none  |   rgnET_241  |    pointer   |
|rgnET_242  |  in |   16|   ap_none  |   rgnET_242  |    pointer   |
|rgnET_243  |  in |   16|   ap_none  |   rgnET_243  |    pointer   |
|rgnET_244  |  in |   16|   ap_none  |   rgnET_244  |    pointer   |
|rgnET_245  |  in |   16|   ap_none  |   rgnET_245  |    pointer   |
|rgnET_246  |  in |   16|   ap_none  |   rgnET_246  |    pointer   |
|rgnET_247  |  in |   16|   ap_none  |   rgnET_247  |    pointer   |
|rgnET_248  |  in |   16|   ap_none  |   rgnET_248  |    pointer   |
|rgnET_249  |  in |   16|   ap_none  |   rgnET_249  |    pointer   |
|rgnET_250  |  in |   16|   ap_none  |   rgnET_250  |    pointer   |
|rgnET_251  |  in |   16|   ap_none  |   rgnET_251  |    pointer   |
|hfET_0     |  in |   16|   ap_none  |    hfET_0    |    pointer   |
|hfET_1     |  in |   16|   ap_none  |    hfET_1    |    pointer   |
|hfET_2     |  in |   16|   ap_none  |    hfET_2    |    pointer   |
|hfET_3     |  in |   16|   ap_none  |    hfET_3    |    pointer   |
|hfET_4     |  in |   16|   ap_none  |    hfET_4    |    pointer   |
|hfET_5     |  in |   16|   ap_none  |    hfET_5    |    pointer   |
|hfET_6     |  in |   16|   ap_none  |    hfET_6    |    pointer   |
|hfET_7     |  in |   16|   ap_none  |    hfET_7    |    pointer   |
|hfET_8     |  in |   16|   ap_none  |    hfET_8    |    pointer   |
|hfET_9     |  in |   16|   ap_none  |    hfET_9    |    pointer   |
|hfET_10    |  in |   16|   ap_none  |    hfET_10   |    pointer   |
|hfET_11    |  in |   16|   ap_none  |    hfET_11   |    pointer   |
|hfET_12    |  in |   16|   ap_none  |    hfET_12   |    pointer   |
|hfET_13    |  in |   16|   ap_none  |    hfET_13   |    pointer   |
|hfET_14    |  in |   16|   ap_none  |    hfET_14   |    pointer   |
|hfET_15    |  in |   16|   ap_none  |    hfET_15   |    pointer   |
|hfET_16    |  in |   16|   ap_none  |    hfET_16   |    pointer   |
|hfET_17    |  in |   16|   ap_none  |    hfET_17   |    pointer   |
|hfET_18    |  in |   16|   ap_none  |    hfET_18   |    pointer   |
|hfET_19    |  in |   16|   ap_none  |    hfET_19   |    pointer   |
|hfET_20    |  in |   16|   ap_none  |    hfET_20   |    pointer   |
|hfET_21    |  in |   16|   ap_none  |    hfET_21   |    pointer   |
|hfET_22    |  in |   16|   ap_none  |    hfET_22   |    pointer   |
|hfET_23    |  in |   16|   ap_none  |    hfET_23   |    pointer   |
|hfET_24    |  in |   16|   ap_none  |    hfET_24   |    pointer   |
|hfET_25    |  in |   16|   ap_none  |    hfET_25   |    pointer   |
|hfET_26    |  in |   16|   ap_none  |    hfET_26   |    pointer   |
|hfET_27    |  in |   16|   ap_none  |    hfET_27   |    pointer   |
|hfET_28    |  in |   16|   ap_none  |    hfET_28   |    pointer   |
|hfET_29    |  in |   16|   ap_none  |    hfET_29   |    pointer   |
|hfET_30    |  in |   16|   ap_none  |    hfET_30   |    pointer   |
|hfET_31    |  in |   16|   ap_none  |    hfET_31   |    pointer   |
|hfET_32    |  in |   16|   ap_none  |    hfET_32   |    pointer   |
|hfET_33    |  in |   16|   ap_none  |    hfET_33   |    pointer   |
|hfET_34    |  in |   16|   ap_none  |    hfET_34   |    pointer   |
|hfET_35    |  in |   16|   ap_none  |    hfET_35   |    pointer   |
|hfET_36    |  in |   16|   ap_none  |    hfET_36   |    pointer   |
|hfET_37    |  in |   16|   ap_none  |    hfET_37   |    pointer   |
|hfET_38    |  in |   16|   ap_none  |    hfET_38   |    pointer   |
|hfET_39    |  in |   16|   ap_none  |    hfET_39   |    pointer   |
|hfET_40    |  in |   16|   ap_none  |    hfET_40   |    pointer   |
|hfET_41    |  in |   16|   ap_none  |    hfET_41   |    pointer   |
|hfET_42    |  in |   16|   ap_none  |    hfET_42   |    pointer   |
|hfET_43    |  in |   16|   ap_none  |    hfET_43   |    pointer   |
|hfET_44    |  in |   16|   ap_none  |    hfET_44   |    pointer   |
|hfET_45    |  in |   16|   ap_none  |    hfET_45   |    pointer   |
|hfET_46    |  in |   16|   ap_none  |    hfET_46   |    pointer   |
|hfET_47    |  in |   16|   ap_none  |    hfET_47   |    pointer   |
|hfET_48    |  in |   16|   ap_none  |    hfET_48   |    pointer   |
|hfET_49    |  in |   16|   ap_none  |    hfET_49   |    pointer   |
|hfET_50    |  in |   16|   ap_none  |    hfET_50   |    pointer   |
|hfET_51    |  in |   16|   ap_none  |    hfET_51   |    pointer   |
|hfET_52    |  in |   16|   ap_none  |    hfET_52   |    pointer   |
|hfET_53    |  in |   16|   ap_none  |    hfET_53   |    pointer   |
|hfET_54    |  in |   16|   ap_none  |    hfET_54   |    pointer   |
|hfET_55    |  in |   16|   ap_none  |    hfET_55   |    pointer   |
|hfET_56    |  in |   16|   ap_none  |    hfET_56   |    pointer   |
|hfET_57    |  in |   16|   ap_none  |    hfET_57   |    pointer   |
|hfET_58    |  in |   16|   ap_none  |    hfET_58   |    pointer   |
|hfET_59    |  in |   16|   ap_none  |    hfET_59   |    pointer   |
|hfET_60    |  in |   16|   ap_none  |    hfET_60   |    pointer   |
|hfET_61    |  in |   16|   ap_none  |    hfET_61   |    pointer   |
|hfET_62    |  in |   16|   ap_none  |    hfET_62   |    pointer   |
|hfET_63    |  in |   16|   ap_none  |    hfET_63   |    pointer   |
|hfET_64    |  in |   16|   ap_none  |    hfET_64   |    pointer   |
|hfET_65    |  in |   16|   ap_none  |    hfET_65   |    pointer   |
|hfET_66    |  in |   16|   ap_none  |    hfET_66   |    pointer   |
|hfET_67    |  in |   16|   ap_none  |    hfET_67   |    pointer   |
|hfET_68    |  in |   16|   ap_none  |    hfET_68   |    pointer   |
|hfET_69    |  in |   16|   ap_none  |    hfET_69   |    pointer   |
|hfET_70    |  in |   16|   ap_none  |    hfET_70   |    pointer   |
|hfET_71    |  in |   16|   ap_none  |    hfET_71   |    pointer   |
|hfET_72    |  in |   16|   ap_none  |    hfET_72   |    pointer   |
|hfET_73    |  in |   16|   ap_none  |    hfET_73   |    pointer   |
|hfET_74    |  in |   16|   ap_none  |    hfET_74   |    pointer   |
|hfET_75    |  in |   16|   ap_none  |    hfET_75   |    pointer   |
|hfET_76    |  in |   16|   ap_none  |    hfET_76   |    pointer   |
|hfET_77    |  in |   16|   ap_none  |    hfET_77   |    pointer   |
|hfET_78    |  in |   16|   ap_none  |    hfET_78   |    pointer   |
|hfET_79    |  in |   16|   ap_none  |    hfET_79   |    pointer   |
|hfET_80    |  in |   16|   ap_none  |    hfET_80   |    pointer   |
|hfET_81    |  in |   16|   ap_none  |    hfET_81   |    pointer   |
|hfET_82    |  in |   16|   ap_none  |    hfET_82   |    pointer   |
|hfET_83    |  in |   16|   ap_none  |    hfET_83   |    pointer   |
|hfET_84    |  in |   16|   ap_none  |    hfET_84   |    pointer   |
|hfET_85    |  in |   16|   ap_none  |    hfET_85   |    pointer   |
|hfET_86    |  in |   16|   ap_none  |    hfET_86   |    pointer   |
|hfET_87    |  in |   16|   ap_none  |    hfET_87   |    pointer   |
|hfET_88    |  in |   16|   ap_none  |    hfET_88   |    pointer   |
|hfET_89    |  in |   16|   ap_none  |    hfET_89   |    pointer   |
|hfET_90    |  in |   16|   ap_none  |    hfET_90   |    pointer   |
|hfET_91    |  in |   16|   ap_none  |    hfET_91   |    pointer   |
|hfET_92    |  in |   16|   ap_none  |    hfET_92   |    pointer   |
|hfET_93    |  in |   16|   ap_none  |    hfET_93   |    pointer   |
|hfET_94    |  in |   16|   ap_none  |    hfET_94   |    pointer   |
|hfET_95    |  in |   16|   ap_none  |    hfET_95   |    pointer   |
|hfET_96    |  in |   16|   ap_none  |    hfET_96   |    pointer   |
|hfET_97    |  in |   16|   ap_none  |    hfET_97   |    pointer   |
|hfET_98    |  in |   16|   ap_none  |    hfET_98   |    pointer   |
|hfET_99    |  in |   16|   ap_none  |    hfET_99   |    pointer   |
|hfET_100   |  in |   16|   ap_none  |   hfET_100   |    pointer   |
|hfET_101   |  in |   16|   ap_none  |   hfET_101   |    pointer   |
|hfET_102   |  in |   16|   ap_none  |   hfET_102   |    pointer   |
|hfET_103   |  in |   16|   ap_none  |   hfET_103   |    pointer   |
|hfET_104   |  in |   16|   ap_none  |   hfET_104   |    pointer   |
|hfET_105   |  in |   16|   ap_none  |   hfET_105   |    pointer   |
|hfET_106   |  in |   16|   ap_none  |   hfET_106   |    pointer   |
|hfET_107   |  in |   16|   ap_none  |   hfET_107   |    pointer   |
|hfET_108   |  in |   16|   ap_none  |   hfET_108   |    pointer   |
|hfET_109   |  in |   16|   ap_none  |   hfET_109   |    pointer   |
|hfET_110   |  in |   16|   ap_none  |   hfET_110   |    pointer   |
|hfET_111   |  in |   16|   ap_none  |   hfET_111   |    pointer   |
|hfET_112   |  in |   16|   ap_none  |   hfET_112   |    pointer   |
|hfET_113   |  in |   16|   ap_none  |   hfET_113   |    pointer   |
|hfET_114   |  in |   16|   ap_none  |   hfET_114   |    pointer   |
|hfET_115   |  in |   16|   ap_none  |   hfET_115   |    pointer   |
|hfET_116   |  in |   16|   ap_none  |   hfET_116   |    pointer   |
|hfET_117   |  in |   16|   ap_none  |   hfET_117   |    pointer   |
|hfET_118   |  in |   16|   ap_none  |   hfET_118   |    pointer   |
|hfET_119   |  in |   16|   ap_none  |   hfET_119   |    pointer   |
|hfET_120   |  in |   16|   ap_none  |   hfET_120   |    pointer   |
|hfET_121   |  in |   16|   ap_none  |   hfET_121   |    pointer   |
|hfET_122   |  in |   16|   ap_none  |   hfET_122   |    pointer   |
|hfET_123   |  in |   16|   ap_none  |   hfET_123   |    pointer   |
|hfET_124   |  in |   16|   ap_none  |   hfET_124   |    pointer   |
|hfET_125   |  in |   16|   ap_none  |   hfET_125   |    pointer   |
|hfET_126   |  in |   16|   ap_none  |   hfET_126   |    pointer   |
|hfET_127   |  in |   16|   ap_none  |   hfET_127   |    pointer   |
|hfET_128   |  in |   16|   ap_none  |   hfET_128   |    pointer   |
|hfET_129   |  in |   16|   ap_none  |   hfET_129   |    pointer   |
|hfET_130   |  in |   16|   ap_none  |   hfET_130   |    pointer   |
|hfET_131   |  in |   16|   ap_none  |   hfET_131   |    pointer   |
|hfET_132   |  in |   16|   ap_none  |   hfET_132   |    pointer   |
|hfET_133   |  in |   16|   ap_none  |   hfET_133   |    pointer   |
|hfET_134   |  in |   16|   ap_none  |   hfET_134   |    pointer   |
|hfET_135   |  in |   16|   ap_none  |   hfET_135   |    pointer   |
|hfET_136   |  in |   16|   ap_none  |   hfET_136   |    pointer   |
|hfET_137   |  in |   16|   ap_none  |   hfET_137   |    pointer   |
|hfET_138   |  in |   16|   ap_none  |   hfET_138   |    pointer   |
|hfET_139   |  in |   16|   ap_none  |   hfET_139   |    pointer   |
|hfET_140   |  in |   16|   ap_none  |   hfET_140   |    pointer   |
|hfET_141   |  in |   16|   ap_none  |   hfET_141   |    pointer   |
|hfET_142   |  in |   16|   ap_none  |   hfET_142   |    pointer   |
|hfET_143   |  in |   16|   ap_none  |   hfET_143   |    pointer   |
|HT_0       | out |   16|   ap_none  |     HT_0     |    pointer   |
|HT_1       | out |   16|   ap_none  |     HT_1     |    pointer   |
|HT_2       | out |   16|   ap_none  |     HT_2     |    pointer   |
|ap_clk     |  in |    1| ap_ctrl_hs |    MakeHT    | return value |
|ap_rst     |  in |    1| ap_ctrl_hs |    MakeHT    | return value |
|ap_done    | out |    1| ap_ctrl_hs |    MakeHT    | return value |
|ap_start   |  in |    1| ap_ctrl_hs |    MakeHT    | return value |
|ap_ready   | out |    1| ap_ctrl_hs |    MakeHT    | return value |
|ap_idle    | out |    1| ap_ctrl_hs |    MakeHT    | return value |
+-----------+-----+-----+------------+--------------+--------------+

