

================================================================
== Vivado HLS Report for 'bitonic32'
================================================================
* Date:           Mon Aug 20 17:22:25 2018

* Version:        2016.4 (Build 1733598 on Wed Dec 14 22:59:20 MST 2016)
* Project:        HCALTower
* Solution:       solution1
* Product family: virtex7
* Target device:  xc7vx690tffg1927-2


================================================================
== Performance Estimates
================================================================
+ Timing (ns): 
    * Summary: 
    +--------+-------+----------+------------+
    |  Clock | Target| Estimated| Uncertainty|
    +--------+-------+----------+------------+
    |ap_clk  |  10.00|      8.59|        1.25|
    +--------+-------+----------+------------+

+ Latency (clock cycles): 
    * Summary: 
    +-----+-----+-----+-----+----------+
    |  Latency  |  Interval | Pipeline |
    | min | max | min | max |   Type   |
    +-----+-----+-----+-----+----------+
    |    1|    1|    2|    2| function |
    +-----+-----+-----+-----+----------+

    + Detail: 
        * Instance: 
        N/A

        * Loop: 
        N/A



================================================================
== Utilization Estimates
================================================================
* Summary: 
+-----------------+---------+-------+--------+--------+
|       Name      | BRAM_18K| DSP48E|   FF   |   LUT  |
+-----------------+---------+-------+--------+--------+
|DSP              |        -|      -|       -|       -|
|Expression       |        -|      -|       0|    7218|
|FIFO             |        -|      -|       -|       -|
|Instance         |        -|      -|       -|       -|
|Memory           |        -|      -|       -|       -|
|Multiplexer      |        -|      -|       -|       1|
|Register         |        -|      -|    1103|       -|
+-----------------+---------+-------+--------+--------+
|Total            |        0|      0|    1103|    7219|
+-----------------+---------+-------+--------+--------+
|Available        |     2940|   3600|  866400|  433200|
+-----------------+---------+-------+--------+--------+
|Utilization (%)  |        0|      0|   ~0   |       1|
+-----------------+---------+-------+--------+--------+

+ Detail: 
    * Instance: 
    N/A

    * DSP48: 
    N/A

    * Memory: 
    N/A

    * FIFO: 
    N/A

    * Expression: 
    +----------------------------------+----------+-------+---+----+------------+------------+
    |           Variable Name          | Operation| DSP48E| FF| LUT| Bitwidth P0| Bitwidth P1|
    +----------------------------------+----------+-------+---+----+------------+------------+
    |tmp_258_10_fu_1010_p2             |   icmp   |      0|  0|   6|          16|          16|
    |tmp_258_11_fu_1032_p2             |   icmp   |      0|  0|   6|          16|          16|
    |tmp_258_12_fu_1054_p2             |   icmp   |      0|  0|   6|          16|          16|
    |tmp_258_13_fu_1076_p2             |   icmp   |      0|  0|   6|          16|          16|
    |tmp_258_1_fu_988_p2               |   icmp   |      0|  0|   6|          16|          16|
    |tmp_258_2_fu_782_p2               |   icmp   |      0|  0|   6|          16|          16|
    |tmp_258_3_fu_804_p2               |   icmp   |      0|  0|   6|          16|          16|
    |tmp_258_4_fu_826_p2               |   icmp   |      0|  0|   6|          16|          16|
    |tmp_258_5_fu_848_p2               |   icmp   |      0|  0|   6|          16|          16|
    |tmp_258_6_fu_870_p2               |   icmp   |      0|  0|   6|          16|          16|
    |tmp_258_7_fu_892_p2               |   icmp   |      0|  0|   6|          16|          16|
    |tmp_258_8_fu_914_p2               |   icmp   |      0|  0|   6|          16|          16|
    |tmp_258_9_fu_940_p2               |   icmp   |      0|  0|   6|          16|          16|
    |tmp_258_s_fu_966_p2               |   icmp   |      0|  0|   6|          16|          16|
    |tmp_262_1_fu_1120_p2              |   icmp   |      0|  0|   6|          16|          16|
    |tmp_262_2_fu_1142_p2              |   icmp   |      0|  0|   6|          16|          16|
    |tmp_262_3_fu_1164_p2              |   icmp   |      0|  0|   6|          16|          16|
    |tmp_262_4_fu_1186_p2              |   icmp   |      0|  0|   6|          16|          16|
    |tmp_262_5_fu_1208_p2              |   icmp   |      0|  0|   6|          16|          16|
    |tmp_262_6_fu_1230_p2              |   icmp   |      0|  0|   6|          16|          16|
    |tmp_262_7_fu_1252_p2              |   icmp   |      0|  0|   6|          16|          16|
    |tmp_266_1_fu_1300_p2              |   icmp   |      0|  0|   6|          16|          16|
    |tmp_266_2_fu_1326_p2              |   icmp   |      0|  0|   6|          16|          16|
    |tmp_266_3_fu_1348_p2              |   icmp   |      0|  0|   6|          16|          16|
    |tmp_266_4_fu_1370_p2              |   icmp   |      0|  0|   6|          16|          16|
    |tmp_266_5_fu_1396_p2              |   icmp   |      0|  0|   6|          16|          16|
    |tmp_266_6_fu_1422_p2              |   icmp   |      0|  0|   6|          16|          16|
    |tmp_266_7_fu_1444_p2              |   icmp   |      0|  0|   6|          16|          16|
    |tmp_270_1_fu_1488_p2              |   icmp   |      0|  0|   6|          16|          16|
    |tmp_270_2_fu_1510_p2              |   icmp   |      0|  0|   6|          16|          16|
    |tmp_270_3_fu_1532_p2              |   icmp   |      0|  0|   6|          16|          16|
    |tmp_274_1_fu_1576_p2              |   icmp   |      0|  0|   6|          16|          16|
    |tmp_274_2_fu_1598_p2              |   icmp   |      0|  0|   6|          16|          16|
    |tmp_274_3_fu_1620_p2              |   icmp   |      0|  0|   6|          16|          16|
    |tmp_278_1_fu_1664_p2              |   icmp   |      0|  0|   6|          16|          16|
    |tmp_278_2_fu_1686_p2              |   icmp   |      0|  0|   6|          16|          16|
    |tmp_278_3_fu_1708_p2              |   icmp   |      0|  0|   6|          16|          16|
    |tmp_27_fu_1274_p2                 |   icmp   |      0|  0|   6|          16|          16|
    |tmp_282_1_fu_1756_p2              |   icmp   |      0|  0|   6|          16|          16|
    |tmp_282_2_fu_1782_p2              |   icmp   |      0|  0|   6|          16|          16|
    |tmp_282_3_fu_1804_p2              |   icmp   |      0|  0|   6|          16|          16|
    |tmp_287_1_fu_1870_p2              |   icmp   |      0|  0|   6|          16|          16|
    |tmp_287_2_fu_1914_p2              |   icmp   |      0|  0|   6|          16|          16|
    |tmp_287_3_fu_1958_p2              |   icmp   |      0|  0|   6|          16|          16|
    |tmp_287_4_fu_2002_p2              |   icmp   |      0|  0|   6|          16|          16|
    |tmp_287_5_fu_2046_p2              |   icmp   |      0|  0|   6|          16|          16|
    |tmp_287_6_fu_2090_p2              |   icmp   |      0|  0|   6|          16|          16|
    |tmp_287_7_fu_2134_p2              |   icmp   |      0|  0|   6|          16|          16|
    |tmp_28_fu_1466_p2                 |   icmp   |      0|  0|   6|          16|          16|
    |tmp_292_1_fu_1892_p2              |   icmp   |      0|  0|   6|          16|          16|
    |tmp_292_2_fu_1936_p2              |   icmp   |      0|  0|   6|          16|          16|
    |tmp_292_3_fu_1980_p2              |   icmp   |      0|  0|   6|          16|          16|
    |tmp_292_4_fu_2024_p2              |   icmp   |      0|  0|   6|          16|          16|
    |tmp_292_5_fu_2068_p2              |   icmp   |      0|  0|   6|          16|          16|
    |tmp_292_6_fu_2112_p2              |   icmp   |      0|  0|   6|          16|          16|
    |tmp_292_7_fu_2148_p2              |   icmp   |      0|  0|   6|          16|          16|
    |tmp_297_10_fu_2228_p2             |   icmp   |      0|  0|   6|          16|          16|
    |tmp_297_11_fu_2234_p2             |   icmp   |      0|  0|   6|          16|          16|
    |tmp_297_12_fu_2240_p2             |   icmp   |      0|  0|   6|          16|          16|
    |tmp_297_13_fu_2246_p2             |   icmp   |      0|  0|   6|          16|          16|
    |tmp_297_1_fu_2168_p2              |   icmp   |      0|  0|   6|          16|          16|
    |tmp_297_2_fu_2174_p2              |   icmp   |      0|  0|   6|          16|          16|
    |tmp_297_3_fu_2180_p2              |   icmp   |      0|  0|   6|          16|          16|
    |tmp_297_4_fu_2186_p2              |   icmp   |      0|  0|   6|          16|          16|
    |tmp_297_5_fu_2192_p2              |   icmp   |      0|  0|   6|          16|          16|
    |tmp_297_6_fu_2198_p2              |   icmp   |      0|  0|   6|          16|          16|
    |tmp_297_7_fu_2204_p2              |   icmp   |      0|  0|   6|          16|          16|
    |tmp_297_8_fu_2210_p2              |   icmp   |      0|  0|   6|          16|          16|
    |tmp_297_9_fu_2216_p2              |   icmp   |      0|  0|   6|          16|          16|
    |tmp_297_s_fu_2222_p2              |   icmp   |      0|  0|   6|          16|          16|
    |tmp_29_fu_1554_p2                 |   icmp   |      0|  0|   6|          16|          16|
    |tmp_30_fu_1642_p2                 |   icmp   |      0|  0|   6|          16|          16|
    |tmp_31_fu_1730_p2                 |   icmp   |      0|  0|   6|          16|          16|
    |tmp_32_fu_1826_p2                 |   icmp   |      0|  0|   6|          16|          16|
    |tmp_33_fu_1848_p2                 |   icmp   |      0|  0|   6|          16|          16|
    |tmp_34_fu_2162_p2                 |   icmp   |      0|  0|   6|          16|          16|
    |tmp_s_fu_1098_p2                  |   icmp   |      0|  0|   6|          16|          16|
    |ClusterDeposits10_0_s_fu_1148_p3  |  select  |      0|  0|  16|           1|          16|
    |ClusterDeposits10_1_s_fu_1612_p3  |  select  |      0|  0|  16|           1|          16|
    |ClusterDeposits10_2_s_fu_1920_p3  |  select  |      0|  0|  16|           1|          16|
    |ClusterDeposits11_0_s_fu_1170_p3  |  select  |      0|  0|  16|           1|          16|
    |ClusterDeposits11_1_s_fu_1634_p3  |  select  |      0|  0|  16|           1|          16|
    |ClusterDeposits11_2_s_fu_1942_p3  |  select  |      0|  0|  16|           1|          16|
    |ClusterDeposits1214_2_fu_1560_p3  |  select  |      0|  0|  16|           1|          16|
    |ClusterDeposits1214_3_fu_1972_p3  |  select  |      0|  0|  16|           1|          16|
    |ClusterDeposits1214_s_fu_1192_p3  |  select  |      0|  0|  16|           1|          16|
    |ClusterDeposits12_0_s_fu_1134_p3  |  select  |      0|  0|  16|           1|          16|
    |ClusterDeposits12_1_s_fu_1502_p3  |  select  |      0|  0|  16|           1|          16|
    |ClusterDeposits12_2_s_fu_1862_p3  |  select  |      0|  0|  16|           1|          16|
    |ClusterDeposits1316_2_fu_1582_p3  |  select  |      0|  0|  16|           1|          16|
    |ClusterDeposits1316_3_fu_1994_p3  |  select  |      0|  0|  16|           1|          16|
    |ClusterDeposits1316_s_fu_1214_p3  |  select  |      0|  0|  16|           1|          16|
    |ClusterDeposits14_0_s_fu_1236_p3  |  select  |      0|  0|  16|           1|          16|
    |ClusterDeposits14_1_s_fu_1604_p3  |  select  |      0|  0|  16|           1|          16|
    |ClusterDeposits14_2_s_fu_1964_p3  |  select  |      0|  0|  16|           1|          16|
    |ClusterDeposits15_0_s_fu_1258_p3  |  select  |      0|  0|  16|           1|          16|
    |ClusterDeposits15_1_s_fu_1626_p3  |  select  |      0|  0|  16|           1|          16|
    |ClusterDeposits15_2_s_fu_1986_p3  |  select  |      0|  0|  16|           1|          16|
    |ClusterDeposits16_0_s_fu_1288_p3  |  select  |      0|  0|   1|           1|           1|
    |ClusterDeposits16_1_s_fu_1656_p3  |  select  |      0|  0|  16|           1|          16|
    |ClusterDeposits16_2_s_fu_2016_p3  |  select  |      0|  0|  16|           1|          16|
    |ClusterDeposits17_0_s_fu_1314_p3  |  select  |      0|  0|   1|           1|           1|
    |ClusterDeposits17_1_s_fu_1678_p3  |  select  |      0|  0|  16|           1|          16|
    |ClusterDeposits17_2_s_fu_2038_p3  |  select  |      0|  0|  16|           1|          16|
    |ClusterDeposits18_0_s_fu_1340_p3  |  select  |      0|  0|  16|           1|          16|
    |ClusterDeposits18_1_s_fu_1700_p3  |  select  |      0|  0|  16|           1|          16|
    |ClusterDeposits18_2_s_fu_2008_p3  |  select  |      0|  0|  16|           1|          16|
    |ClusterDeposits19_0_s_fu_1362_p3  |  select  |      0|  0|  16|           1|          16|
    |ClusterDeposits19_1_s_fu_1722_p3  |  select  |      0|  0|  16|           1|          16|
    |ClusterDeposits19_2_s_fu_2030_p3  |  select  |      0|  0|  16|           1|          16|
    |ClusterDeposits20_0_s_fu_1384_p3  |  select  |      0|  0|  16|           1|          16|
    |ClusterDeposits20_1_s_fu_1648_p3  |  select  |      0|  0|  16|           1|          16|
    |ClusterDeposits20_2_s_fu_2060_p3  |  select  |      0|  0|  16|           1|          16|
    |ClusterDeposits21_0_s_fu_1410_p3  |  select  |      0|  0|  16|           1|          16|
    |ClusterDeposits21_1_s_fu_1670_p3  |  select  |      0|  0|  16|           1|          16|
    |ClusterDeposits21_2_s_fu_2082_p3  |  select  |      0|  0|  16|           1|          16|
    |ClusterDeposits22_0_s_fu_1436_p3  |  select  |      0|  0|  16|           1|          16|
    |ClusterDeposits22_1_s_fu_1692_p3  |  select  |      0|  0|  16|           1|          16|
    |ClusterDeposits22_2_s_fu_2052_p3  |  select  |      0|  0|  16|           1|          16|
    |ClusterDeposits23_0_s_fu_1458_p3  |  select  |      0|  0|  16|           1|          16|
    |ClusterDeposits23_1_s_fu_1714_p3  |  select  |      0|  0|  16|           1|          16|
    |ClusterDeposits23_2_s_fu_2074_p3  |  select  |      0|  0|  16|           1|          16|
    |ClusterDeposits2428_1_fu_1744_p3  |  select  |      0|  0|   1|           1|           1|
    |ClusterDeposits2428_3_fu_2104_p3  |  select  |      0|  0|  16|           1|          16|
    |ClusterDeposits2428_s_fu_1280_p3  |  select  |      0|  0|  16|           1|          16|
    |ClusterDeposits25_0_s_fu_1306_p3  |  select  |      0|  0|  16|           1|          16|
    |ClusterDeposits25_1_s_fu_1770_p3  |  select  |      0|  0|   1|           1|           1|
    |ClusterDeposits25_2_s_fu_2126_p3  |  select  |      0|  0|  16|           1|          16|
    |ClusterDeposits26_0_s_fu_1332_p3  |  select  |      0|  0|  16|           1|          16|
    |ClusterDeposits26_1_s_fu_1796_p3  |  select  |      0|  0|  16|           1|          16|
    |ClusterDeposits26_2_s_fu_2096_p3  |  select  |      0|  0|  16|           1|          16|
    |ClusterDeposits27_0_s_fu_1354_p3  |  select  |      0|  0|  16|           1|          16|
    |ClusterDeposits27_1_s_fu_1818_p3  |  select  |      0|  0|  16|           1|          16|
    |ClusterDeposits27_2_s_fu_2118_p3  |  select  |      0|  0|  16|           1|          16|
    |ClusterDeposits28_0_s_fu_1376_p3  |  select  |      0|  0|  16|           1|          16|
    |ClusterDeposits28_1_s_fu_1736_p3  |  select  |      0|  0|  16|           1|          16|
    |ClusterDeposits29_0_s_fu_1402_p3  |  select  |      0|  0|  16|           1|          16|
    |ClusterDeposits29_1_s_fu_1762_p3  |  select  |      0|  0|  16|           1|          16|
    |ClusterDeposits2_0_C_fu_1156_p3   |  select  |      0|  0|  16|           1|          16|
    |ClusterDeposits2_1_C_fu_1524_p3   |  select  |      0|  0|  16|           1|          16|
    |ClusterDeposits2_2_C_fu_1832_p3   |  select  |      0|  0|  16|           1|          16|
    |ClusterDeposits30_0_s_fu_1428_p3  |  select  |      0|  0|  16|           1|          16|
    |ClusterDeposits30_1_s_fu_1788_p3  |  select  |      0|  0|  16|           1|          16|
    |ClusterDeposits30_2_s_fu_2140_p3  |  select  |      0|  0|  16|           1|          16|
    |ClusterDeposits31_0_s_fu_1450_p3  |  select  |      0|  0|  16|           1|          16|
    |ClusterDeposits31_1_s_fu_1810_p3  |  select  |      0|  0|  16|           1|          16|
    |ClusterDeposits31_2_s_fu_2154_p3  |  select  |      0|  0|  16|           1|          16|
    |ClusterDeposits3_0_C_fu_1178_p3   |  select  |      0|  0|  16|           1|          16|
    |ClusterDeposits3_1_C_fu_1546_p3   |  select  |      0|  0|  16|           1|          16|
    |ClusterDeposits3_2_C_fu_1854_p3   |  select  |      0|  0|  16|           1|          16|
    |ClusterDeposits4_0_C_fu_1200_p3   |  select  |      0|  0|  16|           1|          16|
    |ClusterDeposits4_1_C_fu_1472_p3   |  select  |      0|  0|  16|           1|          16|
    |ClusterDeposits4_2_C_fu_1884_p3   |  select  |      0|  0|  16|           1|          16|
    |ClusterDeposits5_0_C_fu_1222_p3   |  select  |      0|  0|  16|           1|          16|
    |ClusterDeposits5_1_C_fu_1494_p3   |  select  |      0|  0|  16|           1|          16|
    |ClusterDeposits5_2_C_fu_1906_p3   |  select  |      0|  0|  16|           1|          16|
    |ClusterDeposits6_0_C_fu_1244_p3   |  select  |      0|  0|  16|           1|          16|
    |ClusterDeposits6_1_C_fu_1516_p3   |  select  |      0|  0|  16|           1|          16|
    |ClusterDeposits6_2_C_fu_1876_p3   |  select  |      0|  0|  16|           1|          16|
    |ClusterDeposits7_0_C_fu_1266_p3   |  select  |      0|  0|  16|           1|          16|
    |ClusterDeposits7_1_C_fu_1538_p3   |  select  |      0|  0|  16|           1|          16|
    |ClusterDeposits7_2_C_fu_1898_p3   |  select  |      0|  0|  16|           1|          16|
    |ClusterDeposits8_0_C_fu_1104_p3   |  select  |      0|  0|  16|           1|          16|
    |ClusterDeposits8_1_C_fu_1568_p3   |  select  |      0|  0|  16|           1|          16|
    |ClusterDeposits8_2_C_fu_1928_p3   |  select  |      0|  0|  16|           1|          16|
    |ClusterDeposits9_0_C_fu_1126_p3   |  select  |      0|  0|  16|           1|          16|
    |ClusterDeposits9_1_C_fu_1590_p3   |  select  |      0|  0|  16|           1|          16|
    |ClusterDeposits9_2_C_fu_1950_p3   |  select  |      0|  0|  16|           1|          16|
    |ClusterDeposits_0_Cl_fu_1112_p3   |  select  |      0|  0|  16|           1|          16|
    |ClusterDeposits_1_Cl_fu_1480_p3   |  select  |      0|  0|  16|           1|          16|
    |ClusterDeposits_2_Cl_fu_1840_p3   |  select  |      0|  0|  16|           1|          16|
    |ClusterEta32_0_Clust_fu_2679_p3   |  select  |      0|  0|  16|           1|          16|
    |ClusterEta32_1_Clust_fu_3127_p3   |  select  |      0|  0|  16|           1|          16|
    |ClusterEta32_2_Clust_fu_3575_p3   |  select  |      0|  0|  16|           1|          16|
    |ClusterEta32_3_Clust_fu_3960_p3   |  select  |      0|  0|  16|           1|          16|
    |ClusterEta33_0_Clust_fu_2707_p3   |  select  |      0|  0|  16|           1|          16|
    |ClusterEta33_1_Clust_fu_3155_p3   |  select  |      0|  0|  16|           1|          16|
    |ClusterEta33_2_Clust_fu_3540_p3   |  select  |      0|  0|  16|           1|          16|
    |ClusterEta33_3_Clust_fu_3995_p3   |  select  |      0|  0|  16|           1|          16|
    |ClusterEta34_0_Clust_fu_2735_p3   |  select  |      0|  0|  16|           1|          16|
    |ClusterEta34_1_Clust_fu_3183_p3   |  select  |      0|  0|  16|           1|          16|
    |ClusterEta34_2_Clust_fu_3568_p3   |  select  |      0|  0|  16|           1|          16|
    |ClusterEta34_3_Clust_fu_3988_p3   |  select  |      0|  0|  16|           1|          16|
    |ClusterEta35_0_Clust_fu_2763_p3   |  select  |      0|  0|  16|           1|          16|
    |ClusterEta35_1_Clust_fu_3092_p3   |  select  |      0|  0|  16|           1|          16|
    |ClusterEta35_2_Clust_fu_3603_p3   |  select  |      0|  0|  16|           1|          16|
    |ClusterEta35_3_Clust_fu_4023_p3   |  select  |      0|  0|  16|           1|          16|
    |ClusterEta36_0_Clust_fu_2791_p3   |  select  |      0|  0|  16|           1|          16|
    |ClusterEta36_1_Clust_fu_3120_p3   |  select  |      0|  0|  16|           1|          16|
    |ClusterEta36_2_Clust_fu_3631_p3   |  select  |      0|  0|  16|           1|          16|
    |ClusterEta36_3_Clust_fu_4016_p3   |  select  |      0|  0|  16|           1|          16|
    |ClusterEta3743_0_Clu_fu_2819_p3   |  select  |      0|  0|  16|           1|          16|
    |ClusterEta3743_1_Clu_fu_3148_p3   |  select  |      0|  0|  16|           1|          16|
    |ClusterEta3743_2_Clu_fu_3596_p3   |  select  |      0|  0|  16|           1|          16|
    |ClusterEta3743_3_Clu_fu_4051_p3   |  select  |      0|  0|  16|           1|          16|
    |ClusterEta38_0_Clust_fu_2847_p3   |  select  |      0|  0|  16|           1|          16|
    |ClusterEta38_1_Clust_fu_3176_p3   |  select  |      0|  0|  16|           1|          16|
    |ClusterEta38_2_Clust_fu_3624_p3   |  select  |      0|  0|  16|           1|          16|
    |ClusterEta38_3_Clust_fu_4044_p3   |  select  |      0|  0|  16|           1|          16|
    |ClusterEta39_0_Clust_fu_2644_p3   |  select  |      0|  0|  16|           1|          16|
    |ClusterEta39_1_Clust_fu_3211_p3   |  select  |      0|  0|  16|           1|          16|
    |ClusterEta39_2_Clust_fu_3659_p3   |  select  |      0|  0|  16|           1|          16|
    |ClusterEta39_3_Clust_fu_4079_p3   |  select  |      0|  0|  16|           1|          16|
    |ClusterEta40_0_Clust_fu_2672_p3   |  select  |      0|  0|  16|           1|          16|
    |ClusterEta40_1_Clust_fu_3239_p3   |  select  |      0|  0|  16|           1|          16|
    |ClusterEta40_2_Clust_fu_3687_p3   |  select  |      0|  0|  16|           1|          16|
    |ClusterEta40_3_Clust_fu_4072_p3   |  select  |      0|  0|  16|           1|          16|
    |ClusterEta41_0_Clust_fu_2700_p3   |  select  |      0|  0|  16|           1|          16|
    |ClusterEta41_1_Clust_fu_3267_p3   |  select  |      0|  0|  16|           1|          16|
    |ClusterEta41_2_Clust_fu_3652_p3   |  select  |      0|  0|  16|           1|          16|
    |ClusterEta41_3_Clust_fu_4107_p3   |  select  |      0|  0|  16|           1|          16|
    |ClusterEta42_0_Clust_fu_2728_p3   |  select  |      0|  0|  16|           1|          16|
    |ClusterEta42_1_Clust_fu_3295_p3   |  select  |      0|  0|  16|           1|          16|
    |ClusterEta42_2_Clust_fu_3680_p3   |  select  |      0|  0|  16|           1|          16|
    |ClusterEta42_3_Clust_fu_4100_p3   |  select  |      0|  0|  16|           1|          16|
    |ClusterEta43_0_Clust_fu_2756_p3   |  select  |      0|  0|  16|           1|          16|
    |ClusterEta43_1_Clust_fu_3204_p3   |  select  |      0|  0|  16|           1|          16|
    |ClusterEta43_2_Clust_fu_3715_p3   |  select  |      0|  0|  16|           1|          16|
    |ClusterEta43_3_Clust_fu_4135_p3   |  select  |      0|  0|  16|           1|          16|
    |ClusterEta44_0_Clust_fu_2784_p3   |  select  |      0|  0|  16|           1|          16|
    |ClusterEta44_1_Clust_fu_3232_p3   |  select  |      0|  0|  16|           1|          16|
    |ClusterEta44_2_Clust_fu_3743_p3   |  select  |      0|  0|  16|           1|          16|
    |ClusterEta44_3_Clust_fu_4128_p3   |  select  |      0|  0|  16|           1|          16|
    |ClusterEta45_0_Clust_fu_2812_p3   |  select  |      0|  0|  16|           1|          16|
    |ClusterEta45_1_Clust_fu_3260_p3   |  select  |      0|  0|  16|           1|          16|
    |ClusterEta45_2_Clust_fu_3708_p3   |  select  |      0|  0|  16|           1|          16|
    |ClusterEta45_3_Clust_fu_4163_p3   |  select  |      0|  0|  16|           1|          16|
    |ClusterEta46_0_Clust_fu_2840_p3   |  select  |      0|  0|  16|           1|          16|
    |ClusterEta46_1_Clust_fu_3288_p3   |  select  |      0|  0|  16|           1|          16|
    |ClusterEta46_2_Clust_fu_3736_p3   |  select  |      0|  0|  16|           1|          16|
    |ClusterEta46_3_Clust_fu_4156_p3   |  select  |      0|  0|  16|           1|          16|
    |ClusterEta47_0_Clust_fu_2875_p3   |  select  |      0|  0|  16|           1|          16|
    |ClusterEta47_1_Clust_fu_3323_p3   |  select  |      0|  0|  16|           1|          16|
    |ClusterEta47_2_Clust_fu_3771_p3   |  select  |      0|  0|  16|           1|          16|
    |ClusterEta47_3_Clust_fu_4191_p3   |  select  |      0|  0|  16|           1|          16|
    |ClusterEta48_0_Clust_fu_2903_p3   |  select  |      0|  0|  16|           1|          16|
    |ClusterEta48_1_Clust_fu_3351_p3   |  select  |      0|  0|  16|           1|          16|
    |ClusterEta48_2_Clust_fu_3799_p3   |  select  |      0|  0|  16|           1|          16|
    |ClusterEta48_3_Clust_fu_4184_p3   |  select  |      0|  0|  16|           1|          16|
    |ClusterEta49_0_Clust_fu_2931_p3   |  select  |      0|  0|  16|           1|          16|
    |ClusterEta49_1_Clust_fu_3379_p3   |  select  |      0|  0|  16|           1|          16|
    |ClusterEta49_2_Clust_fu_3764_p3   |  select  |      0|  0|  16|           1|          16|
    |ClusterEta49_3_Clust_fu_4219_p3   |  select  |      0|  0|  16|           1|          16|
    |ClusterEta50_0_Clust_fu_2959_p3   |  select  |      0|  0|  16|           1|          16|
    |ClusterEta50_1_Clust_fu_3407_p3   |  select  |      0|  0|  16|           1|          16|
    |ClusterEta50_2_Clust_fu_3792_p3   |  select  |      0|  0|  16|           1|          16|
    |ClusterEta50_3_Clust_fu_4212_p3   |  select  |      0|  0|  16|           1|          16|
    |ClusterEta51_0_Clust_fu_2987_p3   |  select  |      0|  0|  16|           1|          16|
    |ClusterEta51_1_Clust_fu_3316_p3   |  select  |      0|  0|  16|           1|          16|
    |ClusterEta51_2_Clust_fu_3827_p3   |  select  |      0|  0|  16|           1|          16|
    |ClusterEta51_3_Clust_fu_4247_p3   |  select  |      0|  0|  16|           1|          16|
    |ClusterEta52_0_Clust_fu_3015_p3   |  select  |      0|  0|  16|           1|          16|
    |ClusterEta52_1_Clust_fu_3344_p3   |  select  |      0|  0|  16|           1|          16|
    |ClusterEta52_2_Clust_fu_3855_p3   |  select  |      0|  0|  16|           1|          16|
    |ClusterEta52_3_Clust_fu_4240_p3   |  select  |      0|  0|  16|           1|          16|
    |ClusterEta53_0_Clust_fu_3043_p3   |  select  |      0|  0|  16|           1|          16|
    |ClusterEta53_1_Clust_fu_3372_p3   |  select  |      0|  0|  16|           1|          16|
    |ClusterEta53_2_Clust_fu_3820_p3   |  select  |      0|  0|  16|           1|          16|
    |ClusterEta53_3_Clust_fu_4275_p3   |  select  |      0|  0|  16|           1|          16|
    |ClusterEta54_0_Clust_fu_3071_p3   |  select  |      0|  0|  16|           1|          16|
    |ClusterEta54_1_Clust_fu_3400_p3   |  select  |      0|  0|  16|           1|          16|
    |ClusterEta54_2_Clust_fu_3848_p3   |  select  |      0|  0|  16|           1|          16|
    |ClusterEta54_3_Clust_fu_4268_p3   |  select  |      0|  0|  16|           1|          16|
    |ClusterEta55_0_Clust_fu_2868_p3   |  select  |      0|  0|  16|           1|          16|
    |ClusterEta55_1_Clust_fu_3435_p3   |  select  |      0|  0|  16|           1|          16|
    |ClusterEta55_2_Clust_fu_3883_p3   |  select  |      0|  0|  16|           1|          16|
    |ClusterEta55_3_Clust_fu_4303_p3   |  select  |      0|  0|  16|           1|          16|
    |ClusterEta56_0_Clust_fu_2896_p3   |  select  |      0|  0|  16|           1|          16|
    |ClusterEta56_1_Clust_fu_3463_p3   |  select  |      0|  0|  16|           1|          16|
    |ClusterEta56_2_Clust_fu_3911_p3   |  select  |      0|  0|  16|           1|          16|
    |ClusterEta56_3_Clust_fu_4296_p3   |  select  |      0|  0|  16|           1|          16|
    |ClusterEta57_0_Clust_fu_2924_p3   |  select  |      0|  0|  16|           1|          16|
    |ClusterEta57_1_Clust_fu_3491_p3   |  select  |      0|  0|  16|           1|          16|
    |ClusterEta57_2_Clust_fu_3876_p3   |  select  |      0|  0|  16|           1|          16|
    |ClusterEta57_3_Clust_fu_4331_p3   |  select  |      0|  0|  16|           1|          16|
    |ClusterEta58_0_Clust_fu_2952_p3   |  select  |      0|  0|  16|           1|          16|
    |ClusterEta58_1_Clust_fu_3519_p3   |  select  |      0|  0|  16|           1|          16|
    |ClusterEta58_2_Clust_fu_3904_p3   |  select  |      0|  0|  16|           1|          16|
    |ClusterEta58_3_Clust_fu_4324_p3   |  select  |      0|  0|  16|           1|          16|
    |ClusterEta59_0_Clust_fu_2980_p3   |  select  |      0|  0|  16|           1|          16|
    |ClusterEta59_1_Clust_fu_3428_p3   |  select  |      0|  0|  16|           1|          16|
    |ClusterEta59_3_Clust_fu_4359_p3   |  select  |      0|  0|  16|           1|          16|
    |ClusterEta60_0_Clust_fu_3008_p3   |  select  |      0|  0|  16|           1|          16|
    |ClusterEta60_1_Clust_fu_3456_p3   |  select  |      0|  0|  16|           1|          16|
    |ClusterEta60_3_Clust_fu_4352_p3   |  select  |      0|  0|  16|           1|          16|
    |ClusterEta61_0_Clust_fu_3036_p3   |  select  |      0|  0|  16|           1|          16|
    |ClusterEta61_1_Clust_fu_3484_p3   |  select  |      0|  0|  16|           1|          16|
    |ClusterEta61_2_Clust_fu_3932_p3   |  select  |      0|  0|  16|           1|          16|
    |ClusterEta62_0_Clust_fu_3064_p3   |  select  |      0|  0|  16|           1|          16|
    |ClusterEta62_1_Clust_fu_3512_p3   |  select  |      0|  0|  16|           1|          16|
    |ClusterEta62_2_Clust_fu_3946_p3   |  select  |      0|  0|  16|           1|          16|
    |ClusterEta_0_Cluster_fu_2651_p3   |  select  |      0|  0|  16|           1|          16|
    |ClusterEta_1_Cluster_fu_3099_p3   |  select  |      0|  0|  16|           1|          16|
    |ClusterEta_2_Cluster_fu_3547_p3   |  select  |      0|  0|  16|           1|          16|
    |ClusterEta_3_Cluster_fu_3967_p3   |  select  |      0|  0|  16|           1|          16|
    |ClusterPhi63_0_Clust_fu_2693_p3   |  select  |      0|  0|  16|           1|          16|
    |ClusterPhi63_1_Clust_fu_3141_p3   |  select  |      0|  0|  16|           1|          16|
    |ClusterPhi63_2_Clust_fu_3589_p3   |  select  |      0|  0|  16|           1|          16|
    |ClusterPhi63_3_Clust_fu_3974_p3   |  select  |      0|  0|  16|           1|          16|
    |ClusterPhi64_0_Clust_fu_2721_p3   |  select  |      0|  0|  16|           1|          16|
    |ClusterPhi64_1_Clust_fu_3169_p3   |  select  |      0|  0|  16|           1|          16|
    |ClusterPhi64_2_Clust_fu_3554_p3   |  select  |      0|  0|  16|           1|          16|
    |ClusterPhi64_3_Clust_fu_4009_p3   |  select  |      0|  0|  16|           1|          16|
    |ClusterPhi65_0_Clust_fu_2749_p3   |  select  |      0|  0|  16|           1|          16|
    |ClusterPhi65_1_Clust_fu_3197_p3   |  select  |      0|  0|  16|           1|          16|
    |ClusterPhi65_2_Clust_fu_3582_p3   |  select  |      0|  0|  16|           1|          16|
    |ClusterPhi65_3_Clust_fu_4002_p3   |  select  |      0|  0|  16|           1|          16|
    |ClusterPhi66_0_Clust_fu_2777_p3   |  select  |      0|  0|  16|           1|          16|
    |ClusterPhi66_1_Clust_fu_3106_p3   |  select  |      0|  0|  16|           1|          16|
    |ClusterPhi66_2_Clust_fu_3617_p3   |  select  |      0|  0|  16|           1|          16|
    |ClusterPhi66_3_Clust_fu_4037_p3   |  select  |      0|  0|  16|           1|          16|
    |ClusterPhi67_0_Clust_fu_2805_p3   |  select  |      0|  0|  16|           1|          16|
    |ClusterPhi67_1_Clust_fu_3134_p3   |  select  |      0|  0|  16|           1|          16|
    |ClusterPhi67_2_Clust_fu_3645_p3   |  select  |      0|  0|  16|           1|          16|
    |ClusterPhi67_3_Clust_fu_4030_p3   |  select  |      0|  0|  16|           1|          16|
    |ClusterPhi68_0_Clust_fu_2833_p3   |  select  |      0|  0|  16|           1|          16|
    |ClusterPhi68_1_Clust_fu_3162_p3   |  select  |      0|  0|  16|           1|          16|
    |ClusterPhi68_2_Clust_fu_3610_p3   |  select  |      0|  0|  16|           1|          16|
    |ClusterPhi68_3_Clust_fu_4065_p3   |  select  |      0|  0|  16|           1|          16|
    |ClusterPhi69_0_Clust_fu_2861_p3   |  select  |      0|  0|  16|           1|          16|
    |ClusterPhi69_1_Clust_fu_3190_p3   |  select  |      0|  0|  16|           1|          16|
    |ClusterPhi69_2_Clust_fu_3638_p3   |  select  |      0|  0|  16|           1|          16|
    |ClusterPhi69_3_Clust_fu_4058_p3   |  select  |      0|  0|  16|           1|          16|
    |ClusterPhi7078_0_Clu_fu_2658_p3   |  select  |      0|  0|  16|           1|          16|
    |ClusterPhi7078_1_Clu_fu_3225_p3   |  select  |      0|  0|  16|           1|          16|
    |ClusterPhi7078_2_Clu_fu_3673_p3   |  select  |      0|  0|  16|           1|          16|
    |ClusterPhi7078_3_Clu_fu_4093_p3   |  select  |      0|  0|  16|           1|          16|
    |ClusterPhi71_0_Clust_fu_2686_p3   |  select  |      0|  0|  16|           1|          16|
    |ClusterPhi71_1_Clust_fu_3253_p3   |  select  |      0|  0|  16|           1|          16|
    |ClusterPhi71_2_Clust_fu_3701_p3   |  select  |      0|  0|  16|           1|          16|
    |ClusterPhi71_3_Clust_fu_4086_p3   |  select  |      0|  0|  16|           1|          16|
    |ClusterPhi72_0_Clust_fu_2714_p3   |  select  |      0|  0|  16|           1|          16|
    |ClusterPhi72_1_Clust_fu_3281_p3   |  select  |      0|  0|  16|           1|          16|
    |ClusterPhi72_2_Clust_fu_3666_p3   |  select  |      0|  0|  16|           1|          16|
    |ClusterPhi72_3_Clust_fu_4121_p3   |  select  |      0|  0|  16|           1|          16|
    |ClusterPhi73_0_Clust_fu_2742_p3   |  select  |      0|  0|  16|           1|          16|
    |ClusterPhi73_1_Clust_fu_3309_p3   |  select  |      0|  0|  16|           1|          16|
    |ClusterPhi73_2_Clust_fu_3694_p3   |  select  |      0|  0|  16|           1|          16|
    |ClusterPhi73_3_Clust_fu_4114_p3   |  select  |      0|  0|  16|           1|          16|
    |ClusterPhi74_0_Clust_fu_2770_p3   |  select  |      0|  0|  16|           1|          16|
    |ClusterPhi74_1_Clust_fu_3218_p3   |  select  |      0|  0|  16|           1|          16|
    |ClusterPhi74_2_Clust_fu_3729_p3   |  select  |      0|  0|  16|           1|          16|
    |ClusterPhi74_3_Clust_fu_4149_p3   |  select  |      0|  0|  16|           1|          16|
    |ClusterPhi75_0_Clust_fu_2798_p3   |  select  |      0|  0|  16|           1|          16|
    |ClusterPhi75_1_Clust_fu_3246_p3   |  select  |      0|  0|  16|           1|          16|
    |ClusterPhi75_2_Clust_fu_3757_p3   |  select  |      0|  0|  16|           1|          16|
    |ClusterPhi75_3_Clust_fu_4142_p3   |  select  |      0|  0|  16|           1|          16|
    |ClusterPhi76_0_Clust_fu_2826_p3   |  select  |      0|  0|  16|           1|          16|
    |ClusterPhi76_1_Clust_fu_3274_p3   |  select  |      0|  0|  16|           1|          16|
    |ClusterPhi76_2_Clust_fu_3722_p3   |  select  |      0|  0|  16|           1|          16|
    |ClusterPhi76_3_Clust_fu_4177_p3   |  select  |      0|  0|  16|           1|          16|
    |ClusterPhi77_0_Clust_fu_2854_p3   |  select  |      0|  0|  16|           1|          16|
    |ClusterPhi77_1_Clust_fu_3302_p3   |  select  |      0|  0|  16|           1|          16|
    |ClusterPhi77_2_Clust_fu_3750_p3   |  select  |      0|  0|  16|           1|          16|
    |ClusterPhi77_3_Clust_fu_4170_p3   |  select  |      0|  0|  16|           1|          16|
    |ClusterPhi78_0_Clust_fu_2889_p3   |  select  |      0|  0|  16|           1|          16|
    |ClusterPhi78_1_Clust_fu_3337_p3   |  select  |      0|  0|  16|           1|          16|
    |ClusterPhi78_2_Clust_fu_3785_p3   |  select  |      0|  0|  16|           1|          16|
    |ClusterPhi78_3_Clust_fu_4205_p3   |  select  |      0|  0|  16|           1|          16|
    |ClusterPhi79_0_Clust_fu_2917_p3   |  select  |      0|  0|  16|           1|          16|
    |ClusterPhi79_1_Clust_fu_3365_p3   |  select  |      0|  0|  16|           1|          16|
    |ClusterPhi79_2_Clust_fu_3813_p3   |  select  |      0|  0|  16|           1|          16|
    |ClusterPhi79_3_Clust_fu_4198_p3   |  select  |      0|  0|  16|           1|          16|
    |ClusterPhi80_0_Clust_fu_2945_p3   |  select  |      0|  0|  16|           1|          16|
    |ClusterPhi80_1_Clust_fu_3393_p3   |  select  |      0|  0|  16|           1|          16|
    |ClusterPhi80_2_Clust_fu_3778_p3   |  select  |      0|  0|  16|           1|          16|
    |ClusterPhi80_3_Clust_fu_4233_p3   |  select  |      0|  0|  16|           1|          16|
    |ClusterPhi81_0_Clust_fu_2973_p3   |  select  |      0|  0|  16|           1|          16|
    |ClusterPhi81_1_Clust_fu_3421_p3   |  select  |      0|  0|  16|           1|          16|
    |ClusterPhi81_2_Clust_fu_3806_p3   |  select  |      0|  0|  16|           1|          16|
    |ClusterPhi81_3_Clust_fu_4226_p3   |  select  |      0|  0|  16|           1|          16|
    |ClusterPhi82_0_Clust_fu_3001_p3   |  select  |      0|  0|  16|           1|          16|
    |ClusterPhi82_1_Clust_fu_3330_p3   |  select  |      0|  0|  16|           1|          16|
    |ClusterPhi82_2_Clust_fu_3841_p3   |  select  |      0|  0|  16|           1|          16|
    |ClusterPhi82_3_Clust_fu_4261_p3   |  select  |      0|  0|  16|           1|          16|
    |ClusterPhi83_0_Clust_fu_3029_p3   |  select  |      0|  0|  16|           1|          16|
    |ClusterPhi83_1_Clust_fu_3358_p3   |  select  |      0|  0|  16|           1|          16|
    |ClusterPhi83_2_Clust_fu_3869_p3   |  select  |      0|  0|  16|           1|          16|
    |ClusterPhi83_3_Clust_fu_4254_p3   |  select  |      0|  0|  16|           1|          16|
    |ClusterPhi84_0_Clust_fu_3057_p3   |  select  |      0|  0|  16|           1|          16|
    |ClusterPhi84_1_Clust_fu_3386_p3   |  select  |      0|  0|  16|           1|          16|
    |ClusterPhi84_2_Clust_fu_3834_p3   |  select  |      0|  0|  16|           1|          16|
    |ClusterPhi84_3_Clust_fu_4289_p3   |  select  |      0|  0|  16|           1|          16|
    |ClusterPhi85_0_Clust_fu_3085_p3   |  select  |      0|  0|  16|           1|          16|
    |ClusterPhi85_1_Clust_fu_3414_p3   |  select  |      0|  0|  16|           1|          16|
    |ClusterPhi85_2_Clust_fu_3862_p3   |  select  |      0|  0|  16|           1|          16|
    |ClusterPhi85_3_Clust_fu_4282_p3   |  select  |      0|  0|  16|           1|          16|
    |ClusterPhi86_0_Clust_fu_2882_p3   |  select  |      0|  0|  16|           1|          16|
    |ClusterPhi86_1_Clust_fu_3449_p3   |  select  |      0|  0|  16|           1|          16|
    |ClusterPhi86_2_Clust_fu_3897_p3   |  select  |      0|  0|  16|           1|          16|
    |ClusterPhi86_3_Clust_fu_4317_p3   |  select  |      0|  0|  16|           1|          16|
    |ClusterPhi87_0_Clust_fu_2910_p3   |  select  |      0|  0|  16|           1|          16|
    |ClusterPhi87_1_Clust_fu_3477_p3   |  select  |      0|  0|  16|           1|          16|
    |ClusterPhi87_2_Clust_fu_3925_p3   |  select  |      0|  0|  16|           1|          16|
    |ClusterPhi87_3_Clust_fu_4310_p3   |  select  |      0|  0|  16|           1|          16|
    |ClusterPhi88_0_Clust_fu_2938_p3   |  select  |      0|  0|  16|           1|          16|
    |ClusterPhi88_1_Clust_fu_3505_p3   |  select  |      0|  0|  16|           1|          16|
    |ClusterPhi88_2_Clust_fu_3890_p3   |  select  |      0|  0|  16|           1|          16|
    |ClusterPhi88_3_Clust_fu_4345_p3   |  select  |      0|  0|  16|           1|          16|
    |ClusterPhi89_0_Clust_fu_2966_p3   |  select  |      0|  0|  16|           1|          16|
    |ClusterPhi89_1_Clust_fu_3533_p3   |  select  |      0|  0|  16|           1|          16|
    |ClusterPhi89_2_Clust_fu_3918_p3   |  select  |      0|  0|  16|           1|          16|
    |ClusterPhi89_3_Clust_fu_4338_p3   |  select  |      0|  0|  16|           1|          16|
    |ClusterPhi90_0_Clust_fu_2994_p3   |  select  |      0|  0|  16|           1|          16|
    |ClusterPhi90_1_Clust_fu_3442_p3   |  select  |      0|  0|  16|           1|          16|
    |ClusterPhi90_3_Clust_fu_4373_p3   |  select  |      0|  0|  16|           1|          16|
    |ClusterPhi91_0_Clust_fu_3022_p3   |  select  |      0|  0|  16|           1|          16|
    |ClusterPhi91_1_Clust_fu_3470_p3   |  select  |      0|  0|  16|           1|          16|
    |ClusterPhi91_3_Clust_fu_4366_p3   |  select  |      0|  0|  16|           1|          16|
    |ClusterPhi92_0_Clust_fu_3050_p3   |  select  |      0|  0|  16|           1|          16|
    |ClusterPhi92_1_Clust_fu_3498_p3   |  select  |      0|  0|  16|           1|          16|
    |ClusterPhi92_2_Clust_fu_3939_p3   |  select  |      0|  0|  16|           1|          16|
    |ClusterPhi93_0_Clust_fu_3078_p3   |  select  |      0|  0|  16|           1|          16|
    |ClusterPhi93_1_Clust_fu_3526_p3   |  select  |      0|  0|  16|           1|          16|
    |ClusterPhi93_2_Clust_fu_3953_p3   |  select  |      0|  0|  16|           1|          16|
    |ClusterPhi_0_Cluster_fu_2665_p3   |  select  |      0|  0|  16|           1|          16|
    |ClusterPhi_1_Cluster_fu_3113_p3   |  select  |      0|  0|  16|           1|          16|
    |ClusterPhi_2_Cluster_fu_3561_p3   |  select  |      0|  0|  16|           1|          16|
    |ClusterPhi_3_Cluster_fu_3981_p3   |  select  |      0|  0|  16|           1|          16|
    |p_read10_read_fu_980_p3           |  select  |      0|  0|  16|           1|          16|
    |p_read11_read_fu_1002_p3          |  select  |      0|  0|  16|           1|          16|
    |p_read12_read_fu_1024_p3          |  select  |      0|  0|  16|           1|          16|
    |p_read13_read_fu_1046_p3          |  select  |      0|  0|  16|           1|          16|
    |p_read14_read_fu_1068_p3          |  select  |      0|  0|  16|           1|          16|
    |p_read15_read_fu_1090_p3          |  select  |      0|  0|  16|           1|          16|
    |p_read18_read2_fu_788_p3          |  select  |      0|  0|  16|           1|          16|
    |p_read19_read3_fu_810_p3          |  select  |      0|  0|  16|           1|          16|
    |p_read20_read4_fu_832_p3          |  select  |      0|  0|  16|           1|          16|
    |p_read21_read5_fu_854_p3          |  select  |      0|  0|  16|           1|          16|
    |p_read22_read6_fu_876_p3          |  select  |      0|  0|  16|           1|          16|
    |p_read23_read7_fu_898_p3          |  select  |      0|  0|  16|           1|          16|
    |p_read24_read8_fu_920_p3          |  select  |      0|  0|  16|           1|          16|
    |p_read25_read9_fu_946_p3          |  select  |      0|  0|  16|           1|          16|
    |p_read26_read_fu_972_p3           |  select  |      0|  0|  16|           1|          16|
    |p_read27_read_fu_994_p3           |  select  |      0|  0|  16|           1|          16|
    |p_read28_read_fu_1016_p3          |  select  |      0|  0|  16|           1|          16|
    |p_read29_read_fu_1038_p3          |  select  |      0|  0|  16|           1|          16|
    |p_read2_read_fu_796_p3            |  select  |      0|  0|  16|           1|          16|
    |p_read30_read_fu_1060_p3          |  select  |      0|  0|  16|           1|          16|
    |p_read31_read_fu_1082_p3          |  select  |      0|  0|  16|           1|          16|
    |p_read34_read_fu_2259_p3          |  select  |      0|  0|  16|           1|          16|
    |p_read35_read_fu_2287_p3          |  select  |      0|  0|  16|           1|          16|
    |p_read36_read_fu_2315_p3          |  select  |      0|  0|  16|           1|          16|
    |p_read37_read_fu_2343_p3          |  select  |      0|  0|  16|           1|          16|
    |p_read38_read_fu_2371_p3          |  select  |      0|  0|  16|           1|          16|
    |p_read39_read_fu_2399_p3          |  select  |      0|  0|  16|           1|          16|
    |p_read3_read_fu_818_p3            |  select  |      0|  0|  16|           1|          16|
    |p_read40_read_fu_2427_p3          |  select  |      0|  0|  16|           1|          16|
    |p_read41_read_fu_2455_p3          |  select  |      0|  0|  16|           1|          16|
    |p_read42_read_fu_2483_p3          |  select  |      0|  0|  16|           1|          16|
    |p_read43_read_fu_2511_p3          |  select  |      0|  0|  16|           1|          16|
    |p_read44_read_fu_2539_p3          |  select  |      0|  0|  16|           1|          16|
    |p_read45_read_fu_2567_p3          |  select  |      0|  0|  16|           1|          16|
    |p_read46_read_fu_2595_p3          |  select  |      0|  0|  16|           1|          16|
    |p_read47_read_fu_2623_p3          |  select  |      0|  0|  16|           1|          16|
    |p_read4_read_fu_840_p3            |  select  |      0|  0|  16|           1|          16|
    |p_read50_read_fu_2252_p3          |  select  |      0|  0|  16|           1|          16|
    |p_read51_read_fu_2280_p3          |  select  |      0|  0|  16|           1|          16|
    |p_read52_read_fu_2308_p3          |  select  |      0|  0|  16|           1|          16|
    |p_read53_read_fu_2336_p3          |  select  |      0|  0|  16|           1|          16|
    |p_read54_read_fu_2364_p3          |  select  |      0|  0|  16|           1|          16|
    |p_read55_read_fu_2392_p3          |  select  |      0|  0|  16|           1|          16|
    |p_read56_read_fu_2420_p3          |  select  |      0|  0|  16|           1|          16|
    |p_read57_read_fu_2448_p3          |  select  |      0|  0|  16|           1|          16|
    |p_read58_read_fu_2476_p3          |  select  |      0|  0|  16|           1|          16|
    |p_read59_read_fu_2504_p3          |  select  |      0|  0|  16|           1|          16|
    |p_read5_read_fu_862_p3            |  select  |      0|  0|  16|           1|          16|
    |p_read60_read_fu_2532_p3          |  select  |      0|  0|  16|           1|          16|
    |p_read61_read_fu_2560_p3          |  select  |      0|  0|  16|           1|          16|
    |p_read62_read_fu_2588_p3          |  select  |      0|  0|  16|           1|          16|
    |p_read63_read_fu_2616_p3          |  select  |      0|  0|  16|           1|          16|
    |p_read66_read_fu_2273_p3          |  select  |      0|  0|  16|           1|          16|
    |p_read67_read_fu_2301_p3          |  select  |      0|  0|  16|           1|          16|
    |p_read68_read_fu_2329_p3          |  select  |      0|  0|  16|           1|          16|
    |p_read69_read_fu_2357_p3          |  select  |      0|  0|  16|           1|          16|
    |p_read6_read_fu_884_p3            |  select  |      0|  0|  16|           1|          16|
    |p_read70_read_fu_2385_p3          |  select  |      0|  0|  16|           1|          16|
    |p_read71_read_fu_2413_p3          |  select  |      0|  0|  16|           1|          16|
    |p_read72_read_fu_2441_p3          |  select  |      0|  0|  16|           1|          16|
    |p_read73_read_fu_2469_p3          |  select  |      0|  0|  16|           1|          16|
    |p_read74_read_fu_2497_p3          |  select  |      0|  0|  16|           1|          16|
    |p_read75_read_fu_2525_p3          |  select  |      0|  0|  16|           1|          16|
    |p_read76_read_fu_2553_p3          |  select  |      0|  0|  16|           1|          16|
    |p_read77_read_fu_2581_p3          |  select  |      0|  0|  16|           1|          16|
    |p_read78_read_fu_2609_p3          |  select  |      0|  0|  16|           1|          16|
    |p_read79_read_fu_2637_p3          |  select  |      0|  0|  16|           1|          16|
    |p_read7_read_fu_906_p3            |  select  |      0|  0|  16|           1|          16|
    |p_read82_read_fu_2266_p3          |  select  |      0|  0|  16|           1|          16|
    |p_read83_read_fu_2294_p3          |  select  |      0|  0|  16|           1|          16|
    |p_read84_read_fu_2322_p3          |  select  |      0|  0|  16|           1|          16|
    |p_read85_read_fu_2350_p3          |  select  |      0|  0|  16|           1|          16|
    |p_read86_read_fu_2378_p3          |  select  |      0|  0|  16|           1|          16|
    |p_read87_read_fu_2406_p3          |  select  |      0|  0|  16|           1|          16|
    |p_read88_read_fu_2434_p3          |  select  |      0|  0|  16|           1|          16|
    |p_read89_read_fu_2462_p3          |  select  |      0|  0|  16|           1|          16|
    |p_read8_read_fu_928_p3            |  select  |      0|  0|  16|           1|          16|
    |p_read90_read_fu_2490_p3          |  select  |      0|  0|  16|           1|          16|
    |p_read91_read_fu_2518_p3          |  select  |      0|  0|  16|           1|          16|
    |p_read92_read_fu_2546_p3          |  select  |      0|  0|  16|           1|          16|
    |p_read93_read_fu_2574_p3          |  select  |      0|  0|  16|           1|          16|
    |p_read94_read_fu_2602_p3          |  select  |      0|  0|  16|           1|          16|
    |p_read95_read_fu_2630_p3          |  select  |      0|  0|  16|           1|          16|
    |p_read9_read_fu_954_p3            |  select  |      0|  0|  16|           1|          16|
    +----------------------------------+----------+-------+---+----+------------+------------+
    |Total                             |          |      0|  0|7218|        1658|        7988|
    +----------------------------------+----------+-------+---+----+------------+------------+

    * Multiplexer: 
    +-----------+----+-----------+-----+-----------+
    |    Name   | LUT| Input Size| Bits| Total Bits|
    +-----------+----+-----------+-----+-----------+
    |ap_NS_fsm  |   1|          3|    1|          3|
    +-----------+----+-----------+-----+-----------+
    |Total      |   1|          3|    1|          3|
    +-----------+----+-----------+-----+-----------+

    * Register: 
    +--------------------------------+----+----+-----+-----------+
    |              Name              | FF | LUT| Bits| Const Bits|
    +--------------------------------+----+----+-----+-----------+
    |ap_CS_fsm                       |   2|   0|    2|          0|
    |ap_port_reg_ClusterEta_0_read   |  16|   0|   16|          0|
    |ap_port_reg_ClusterEta_10_read  |  16|   0|   16|          0|
    |ap_port_reg_ClusterEta_11_read  |  16|   0|   16|          0|
    |ap_port_reg_ClusterEta_12_read  |  16|   0|   16|          0|
    |ap_port_reg_ClusterEta_13_read  |  16|   0|   16|          0|
    |ap_port_reg_ClusterEta_14_read  |  16|   0|   16|          0|
    |ap_port_reg_ClusterEta_15_read  |  16|   0|   16|          0|
    |ap_port_reg_ClusterEta_16_read  |  16|   0|   16|          0|
    |ap_port_reg_ClusterEta_17_read  |  16|   0|   16|          0|
    |ap_port_reg_ClusterEta_18_read  |  16|   0|   16|          0|
    |ap_port_reg_ClusterEta_19_read  |  16|   0|   16|          0|
    |ap_port_reg_ClusterEta_1_read   |  16|   0|   16|          0|
    |ap_port_reg_ClusterEta_20_read  |  16|   0|   16|          0|
    |ap_port_reg_ClusterEta_21_read  |  16|   0|   16|          0|
    |ap_port_reg_ClusterEta_22_read  |  16|   0|   16|          0|
    |ap_port_reg_ClusterEta_23_read  |  16|   0|   16|          0|
    |ap_port_reg_ClusterEta_24_read  |  16|   0|   16|          0|
    |ap_port_reg_ClusterEta_25_read  |  16|   0|   16|          0|
    |ap_port_reg_ClusterEta_26_read  |  16|   0|   16|          0|
    |ap_port_reg_ClusterEta_27_read  |  16|   0|   16|          0|
    |ap_port_reg_ClusterEta_28_read  |  16|   0|   16|          0|
    |ap_port_reg_ClusterEta_29_read  |  16|   0|   16|          0|
    |ap_port_reg_ClusterEta_2_read   |  16|   0|   16|          0|
    |ap_port_reg_ClusterEta_30_read  |  16|   0|   16|          0|
    |ap_port_reg_ClusterEta_31_read  |  16|   0|   16|          0|
    |ap_port_reg_ClusterEta_3_read   |  16|   0|   16|          0|
    |ap_port_reg_ClusterEta_4_read   |  16|   0|   16|          0|
    |ap_port_reg_ClusterEta_5_read   |  16|   0|   16|          0|
    |ap_port_reg_ClusterEta_6_read   |  16|   0|   16|          0|
    |ap_port_reg_ClusterEta_7_read   |  16|   0|   16|          0|
    |ap_port_reg_ClusterEta_8_read   |  16|   0|   16|          0|
    |ap_port_reg_ClusterEta_9_read   |  16|   0|   16|          0|
    |ap_port_reg_ClusterPhi_0_read   |  16|   0|   16|          0|
    |ap_port_reg_ClusterPhi_10_read  |  16|   0|   16|          0|
    |ap_port_reg_ClusterPhi_11_read  |  16|   0|   16|          0|
    |ap_port_reg_ClusterPhi_12_read  |  16|   0|   16|          0|
    |ap_port_reg_ClusterPhi_13_read  |  16|   0|   16|          0|
    |ap_port_reg_ClusterPhi_14_read  |  16|   0|   16|          0|
    |ap_port_reg_ClusterPhi_15_read  |  16|   0|   16|          0|
    |ap_port_reg_ClusterPhi_16_read  |  16|   0|   16|          0|
    |ap_port_reg_ClusterPhi_17_read  |  16|   0|   16|          0|
    |ap_port_reg_ClusterPhi_18_read  |  16|   0|   16|          0|
    |ap_port_reg_ClusterPhi_19_read  |  16|   0|   16|          0|
    |ap_port_reg_ClusterPhi_1_read   |  16|   0|   16|          0|
    |ap_port_reg_ClusterPhi_20_read  |  16|   0|   16|          0|
    |ap_port_reg_ClusterPhi_21_read  |  16|   0|   16|          0|
    |ap_port_reg_ClusterPhi_22_read  |  16|   0|   16|          0|
    |ap_port_reg_ClusterPhi_23_read  |  16|   0|   16|          0|
    |ap_port_reg_ClusterPhi_24_read  |  16|   0|   16|          0|
    |ap_port_reg_ClusterPhi_25_read  |  16|   0|   16|          0|
    |ap_port_reg_ClusterPhi_26_read  |  16|   0|   16|          0|
    |ap_port_reg_ClusterPhi_27_read  |  16|   0|   16|          0|
    |ap_port_reg_ClusterPhi_28_read  |  16|   0|   16|          0|
    |ap_port_reg_ClusterPhi_29_read  |  16|   0|   16|          0|
    |ap_port_reg_ClusterPhi_2_read   |  16|   0|   16|          0|
    |ap_port_reg_ClusterPhi_30_read  |  16|   0|   16|          0|
    |ap_port_reg_ClusterPhi_31_read  |  16|   0|   16|          0|
    |ap_port_reg_ClusterPhi_3_read   |  16|   0|   16|          0|
    |ap_port_reg_ClusterPhi_4_read   |  16|   0|   16|          0|
    |ap_port_reg_ClusterPhi_5_read   |  16|   0|   16|          0|
    |ap_port_reg_ClusterPhi_6_read   |  16|   0|   16|          0|
    |ap_port_reg_ClusterPhi_7_read   |  16|   0|   16|          0|
    |ap_port_reg_ClusterPhi_8_read   |  16|   0|   16|          0|
    |ap_port_reg_ClusterPhi_9_read   |  16|   0|   16|          0|
    |tmp_258_10_reg_4820             |   1|   0|    1|          0|
    |tmp_258_11_reg_4828             |   1|   0|    1|          0|
    |tmp_258_12_reg_4836             |   1|   0|    1|          0|
    |tmp_258_13_reg_4844             |   1|   0|    1|          0|
    |tmp_258_1_reg_4812              |   1|   0|    1|          0|
    |tmp_258_2_reg_4740              |   1|   0|    1|          0|
    |tmp_258_3_reg_4748              |   1|   0|    1|          0|
    |tmp_258_4_reg_4756              |   1|   0|    1|          0|
    |tmp_258_5_reg_4764              |   1|   0|    1|          0|
    |tmp_258_6_reg_4772              |   1|   0|    1|          0|
    |tmp_258_7_reg_4780              |   1|   0|    1|          0|
    |tmp_258_8_reg_4788              |   1|   0|    1|          0|
    |tmp_258_9_reg_4796              |   1|   0|    1|          0|
    |tmp_258_s_reg_4804              |   1|   0|    1|          0|
    |tmp_262_1_reg_4860              |   1|   0|    1|          0|
    |tmp_262_2_reg_4868              |   1|   0|    1|          0|
    |tmp_262_3_reg_4876              |   1|   0|    1|          0|
    |tmp_262_4_reg_4884              |   1|   0|    1|          0|
    |tmp_262_5_reg_4892              |   1|   0|    1|          0|
    |tmp_262_6_reg_4900              |   1|   0|    1|          0|
    |tmp_262_7_reg_4908              |   1|   0|    1|          0|
    |tmp_266_1_reg_4924              |   1|   0|    1|          0|
    |tmp_266_2_reg_4932              |   1|   0|    1|          0|
    |tmp_266_3_reg_4940              |   1|   0|    1|          0|
    |tmp_266_4_reg_4948              |   1|   0|    1|          0|
    |tmp_266_5_reg_4956              |   1|   0|    1|          0|
    |tmp_266_6_reg_4964              |   1|   0|    1|          0|
    |tmp_266_7_reg_4972              |   1|   0|    1|          0|
    |tmp_270_1_reg_4988              |   1|   0|    1|          0|
    |tmp_270_2_reg_4996              |   1|   0|    1|          0|
    |tmp_270_3_reg_5004              |   1|   0|    1|          0|
    |tmp_274_1_reg_5020              |   1|   0|    1|          0|
    |tmp_274_2_reg_5028              |   1|   0|    1|          0|
    |tmp_274_3_reg_5036              |   1|   0|    1|          0|
    |tmp_278_1_reg_5052              |   1|   0|    1|          0|
    |tmp_278_2_reg_5060              |   1|   0|    1|          0|
    |tmp_278_3_reg_5068              |   1|   0|    1|          0|
    |tmp_27_reg_4916                 |   1|   0|    1|          0|
    |tmp_282_1_reg_5084              |   1|   0|    1|          0|
    |tmp_282_2_reg_5092              |   1|   0|    1|          0|
    |tmp_282_3_reg_5100              |   1|   0|    1|          0|
    |tmp_287_1_reg_5124              |   1|   0|    1|          0|
    |tmp_287_2_reg_5140              |   1|   0|    1|          0|
    |tmp_287_3_reg_5156              |   1|   0|    1|          0|
    |tmp_287_4_reg_5172              |   1|   0|    1|          0|
    |tmp_287_5_reg_5188              |   1|   0|    1|          0|
    |tmp_287_6_reg_5204              |   1|   0|    1|          0|
    |tmp_287_7_reg_5220              |   1|   0|    1|          0|
    |tmp_28_reg_4980                 |   1|   0|    1|          0|
    |tmp_292_1_reg_5132              |   1|   0|    1|          0|
    |tmp_292_2_reg_5148              |   1|   0|    1|          0|
    |tmp_292_3_reg_5164              |   1|   0|    1|          0|
    |tmp_292_4_reg_5180              |   1|   0|    1|          0|
    |tmp_292_5_reg_5196              |   1|   0|    1|          0|
    |tmp_292_6_reg_5212              |   1|   0|    1|          0|
    |tmp_292_7_reg_5226              |   1|   0|    1|          0|
    |tmp_297_10_reg_5320             |   1|   0|    1|          0|
    |tmp_297_11_reg_5328             |   1|   0|    1|          0|
    |tmp_297_12_reg_5336             |   1|   0|    1|          0|
    |tmp_297_13_reg_5344             |   1|   0|    1|          0|
    |tmp_297_1_reg_5240              |   1|   0|    1|          0|
    |tmp_297_2_reg_5248              |   1|   0|    1|          0|
    |tmp_297_3_reg_5256              |   1|   0|    1|          0|
    |tmp_297_4_reg_5264              |   1|   0|    1|          0|
    |tmp_297_5_reg_5272              |   1|   0|    1|          0|
    |tmp_297_6_reg_5280              |   1|   0|    1|          0|
    |tmp_297_7_reg_5288              |   1|   0|    1|          0|
    |tmp_297_8_reg_5296              |   1|   0|    1|          0|
    |tmp_297_9_reg_5304              |   1|   0|    1|          0|
    |tmp_297_s_reg_5312              |   1|   0|    1|          0|
    |tmp_29_reg_5012                 |   1|   0|    1|          0|
    |tmp_30_reg_5044                 |   1|   0|    1|          0|
    |tmp_31_reg_5076                 |   1|   0|    1|          0|
    |tmp_32_reg_5108                 |   1|   0|    1|          0|
    |tmp_33_reg_5116                 |   1|   0|    1|          0|
    |tmp_34_reg_5232                 |   1|   0|    1|          0|
    |tmp_s_reg_4852                  |   1|   0|    1|          0|
    +--------------------------------+----+----+-----+-----------+
    |Total                           |1103|   0| 1103|          0|
    +--------------------------------+----+----+-----+-----------+



================================================================
== Interface
================================================================
* Summary: 
+----------------------+-----+-----+------------+----------------------+--------------+
|       RTL Ports      | Dir | Bits|  Protocol  |     Source Object    |    C Type    |
+----------------------+-----+-----+------------+----------------------+--------------+
|ap_clk                |  in |    1| ap_ctrl_hs |       bitonic32      | return value |
|ap_rst                |  in |    1| ap_ctrl_hs |       bitonic32      | return value |
|ap_start              |  in |    1| ap_ctrl_hs |       bitonic32      | return value |
|ap_done               | out |    1| ap_ctrl_hs |       bitonic32      | return value |
|ap_idle               | out |    1| ap_ctrl_hs |       bitonic32      | return value |
|ap_ready              | out |    1| ap_ctrl_hs |       bitonic32      | return value |
|ap_return_0           | out |   16| ap_ctrl_hs |       bitonic32      | return value |
|ap_return_1           | out |   16| ap_ctrl_hs |       bitonic32      | return value |
|ap_return_2           | out |   16| ap_ctrl_hs |       bitonic32      | return value |
|ap_return_3           | out |   16| ap_ctrl_hs |       bitonic32      | return value |
|ap_return_4           | out |   16| ap_ctrl_hs |       bitonic32      | return value |
|ap_return_5           | out |   16| ap_ctrl_hs |       bitonic32      | return value |
|ap_return_6           | out |   16| ap_ctrl_hs |       bitonic32      | return value |
|ap_return_7           | out |   16| ap_ctrl_hs |       bitonic32      | return value |
|ap_return_8           | out |   16| ap_ctrl_hs |       bitonic32      | return value |
|ap_return_9           | out |   16| ap_ctrl_hs |       bitonic32      | return value |
|ap_return_10          | out |   16| ap_ctrl_hs |       bitonic32      | return value |
|ap_return_11          | out |   16| ap_ctrl_hs |       bitonic32      | return value |
|ap_return_12          | out |   16| ap_ctrl_hs |       bitonic32      | return value |
|ap_return_13          | out |   16| ap_ctrl_hs |       bitonic32      | return value |
|ap_return_14          | out |   16| ap_ctrl_hs |       bitonic32      | return value |
|ap_return_15          | out |   16| ap_ctrl_hs |       bitonic32      | return value |
|ap_return_16          | out |   16| ap_ctrl_hs |       bitonic32      | return value |
|ap_return_17          | out |   16| ap_ctrl_hs |       bitonic32      | return value |
|ap_return_18          | out |   16| ap_ctrl_hs |       bitonic32      | return value |
|ap_return_19          | out |   16| ap_ctrl_hs |       bitonic32      | return value |
|ap_return_20          | out |   16| ap_ctrl_hs |       bitonic32      | return value |
|ap_return_21          | out |   16| ap_ctrl_hs |       bitonic32      | return value |
|ap_return_22          | out |   16| ap_ctrl_hs |       bitonic32      | return value |
|ap_return_23          | out |   16| ap_ctrl_hs |       bitonic32      | return value |
|ap_return_24          | out |   16| ap_ctrl_hs |       bitonic32      | return value |
|ap_return_25          | out |   16| ap_ctrl_hs |       bitonic32      | return value |
|ap_return_26          | out |   16| ap_ctrl_hs |       bitonic32      | return value |
|ap_return_27          | out |   16| ap_ctrl_hs |       bitonic32      | return value |
|ap_return_28          | out |   16| ap_ctrl_hs |       bitonic32      | return value |
|ap_return_29          | out |   16| ap_ctrl_hs |       bitonic32      | return value |
|ap_return_30          | out |   16| ap_ctrl_hs |       bitonic32      | return value |
|ap_return_31          | out |   16| ap_ctrl_hs |       bitonic32      | return value |
|ap_return_32          | out |   16| ap_ctrl_hs |       bitonic32      | return value |
|ap_return_33          | out |   16| ap_ctrl_hs |       bitonic32      | return value |
|ap_return_34          | out |   16| ap_ctrl_hs |       bitonic32      | return value |
|ap_return_35          | out |   16| ap_ctrl_hs |       bitonic32      | return value |
|ap_return_36          | out |   16| ap_ctrl_hs |       bitonic32      | return value |
|ap_return_37          | out |   16| ap_ctrl_hs |       bitonic32      | return value |
|ap_return_38          | out |   16| ap_ctrl_hs |       bitonic32      | return value |
|ap_return_39          | out |   16| ap_ctrl_hs |       bitonic32      | return value |
|ap_return_40          | out |   16| ap_ctrl_hs |       bitonic32      | return value |
|ap_return_41          | out |   16| ap_ctrl_hs |       bitonic32      | return value |
|ap_return_42          | out |   16| ap_ctrl_hs |       bitonic32      | return value |
|ap_return_43          | out |   16| ap_ctrl_hs |       bitonic32      | return value |
|ap_return_44          | out |   16| ap_ctrl_hs |       bitonic32      | return value |
|ap_return_45          | out |   16| ap_ctrl_hs |       bitonic32      | return value |
|ap_return_46          | out |   16| ap_ctrl_hs |       bitonic32      | return value |
|ap_return_47          | out |   16| ap_ctrl_hs |       bitonic32      | return value |
|ap_return_48          | out |   16| ap_ctrl_hs |       bitonic32      | return value |
|ap_return_49          | out |   16| ap_ctrl_hs |       bitonic32      | return value |
|ap_return_50          | out |   16| ap_ctrl_hs |       bitonic32      | return value |
|ap_return_51          | out |   16| ap_ctrl_hs |       bitonic32      | return value |
|ap_return_52          | out |   16| ap_ctrl_hs |       bitonic32      | return value |
|ap_return_53          | out |   16| ap_ctrl_hs |       bitonic32      | return value |
|ap_return_54          | out |   16| ap_ctrl_hs |       bitonic32      | return value |
|ap_return_55          | out |   16| ap_ctrl_hs |       bitonic32      | return value |
|ap_return_56          | out |   16| ap_ctrl_hs |       bitonic32      | return value |
|ap_return_57          | out |   16| ap_ctrl_hs |       bitonic32      | return value |
|ap_return_58          | out |   16| ap_ctrl_hs |       bitonic32      | return value |
|ap_return_59          | out |   16| ap_ctrl_hs |       bitonic32      | return value |
|ClusterDeposits_0_r   |  in |   16|   ap_none  |  ClusterDeposits_0_r |    scalar    |
|ClusterDeposits_1_r   |  in |   16|   ap_none  |  ClusterDeposits_1_r |    scalar    |
|ClusterDeposits_2_r   |  in |   16|   ap_none  |  ClusterDeposits_2_r |    scalar    |
|ClusterDeposits_3_r   |  in |   16|   ap_none  |  ClusterDeposits_3_r |    scalar    |
|ClusterDeposits_4_r   |  in |   16|   ap_none  |  ClusterDeposits_4_r |    scalar    |
|ClusterDeposits_5_r   |  in |   16|   ap_none  |  ClusterDeposits_5_r |    scalar    |
|ClusterDeposits_6_r   |  in |   16|   ap_none  |  ClusterDeposits_6_r |    scalar    |
|ClusterDeposits_7_r   |  in |   16|   ap_none  |  ClusterDeposits_7_r |    scalar    |
|ClusterDeposits_8_r   |  in |   16|   ap_none  |  ClusterDeposits_8_r |    scalar    |
|ClusterDeposits_9_r   |  in |   16|   ap_none  |  ClusterDeposits_9_r |    scalar    |
|ClusterDeposits_10_s  |  in |   16|   ap_none  | ClusterDeposits_10_s |    scalar    |
|ClusterDeposits_11_s  |  in |   16|   ap_none  | ClusterDeposits_11_s |    scalar    |
|ClusterDeposits_12_s  |  in |   16|   ap_none  | ClusterDeposits_12_s |    scalar    |
|ClusterDeposits_13_s  |  in |   16|   ap_none  | ClusterDeposits_13_s |    scalar    |
|ClusterDeposits_14_s  |  in |   16|   ap_none  | ClusterDeposits_14_s |    scalar    |
|ClusterDeposits_15_s  |  in |   16|   ap_none  | ClusterDeposits_15_s |    scalar    |
|ClusterDeposits_16_s  |  in |    1|   ap_none  | ClusterDeposits_16_s |    scalar    |
|ClusterDeposits_17_s  |  in |    1|   ap_none  | ClusterDeposits_17_s |    scalar    |
|ClusterDeposits_18_s  |  in |   16|   ap_none  | ClusterDeposits_18_s |    scalar    |
|ClusterDeposits_19_s  |  in |   16|   ap_none  | ClusterDeposits_19_s |    scalar    |
|ClusterDeposits_20_s  |  in |   16|   ap_none  | ClusterDeposits_20_s |    scalar    |
|ClusterDeposits_21_s  |  in |   16|   ap_none  | ClusterDeposits_21_s |    scalar    |
|ClusterDeposits_22_s  |  in |   16|   ap_none  | ClusterDeposits_22_s |    scalar    |
|ClusterDeposits_23_s  |  in |   16|   ap_none  | ClusterDeposits_23_s |    scalar    |
|ClusterDeposits_24_s  |  in |   16|   ap_none  | ClusterDeposits_24_s |    scalar    |
|ClusterDeposits_25_s  |  in |   16|   ap_none  | ClusterDeposits_25_s |    scalar    |
|ClusterDeposits_26_s  |  in |   16|   ap_none  | ClusterDeposits_26_s |    scalar    |
|ClusterDeposits_27_s  |  in |   16|   ap_none  | ClusterDeposits_27_s |    scalar    |
|ClusterDeposits_28_s  |  in |   16|   ap_none  | ClusterDeposits_28_s |    scalar    |
|ClusterDeposits_29_s  |  in |   16|   ap_none  | ClusterDeposits_29_s |    scalar    |
|ClusterDeposits_30_s  |  in |   16|   ap_none  | ClusterDeposits_30_s |    scalar    |
|ClusterDeposits_31_s  |  in |   16|   ap_none  | ClusterDeposits_31_s |    scalar    |
|ClusterEta_0_read     |  in |   16|   ap_none  |   ClusterEta_0_read  |    scalar    |
|ClusterEta_1_read     |  in |   16|   ap_none  |   ClusterEta_1_read  |    scalar    |
|ClusterEta_2_read     |  in |   16|   ap_none  |   ClusterEta_2_read  |    scalar    |
|ClusterEta_3_read     |  in |   16|   ap_none  |   ClusterEta_3_read  |    scalar    |
|ClusterEta_4_read     |  in |   16|   ap_none  |   ClusterEta_4_read  |    scalar    |
|ClusterEta_5_read     |  in |   16|   ap_none  |   ClusterEta_5_read  |    scalar    |
|ClusterEta_6_read     |  in |   16|   ap_none  |   ClusterEta_6_read  |    scalar    |
|ClusterEta_7_read     |  in |   16|   ap_none  |   ClusterEta_7_read  |    scalar    |
|ClusterEta_8_read     |  in |   16|   ap_none  |   ClusterEta_8_read  |    scalar    |
|ClusterEta_9_read     |  in |   16|   ap_none  |   ClusterEta_9_read  |    scalar    |
|ClusterEta_10_read    |  in |   16|   ap_none  |  ClusterEta_10_read  |    scalar    |
|ClusterEta_11_read    |  in |   16|   ap_none  |  ClusterEta_11_read  |    scalar    |
|ClusterEta_12_read    |  in |   16|   ap_none  |  ClusterEta_12_read  |    scalar    |
|ClusterEta_13_read    |  in |   16|   ap_none  |  ClusterEta_13_read  |    scalar    |
|ClusterEta_14_read    |  in |   16|   ap_none  |  ClusterEta_14_read  |    scalar    |
|ClusterEta_15_read    |  in |   16|   ap_none  |  ClusterEta_15_read  |    scalar    |
|ClusterEta_16_read    |  in |   16|   ap_none  |  ClusterEta_16_read  |    scalar    |
|ClusterEta_17_read    |  in |   16|   ap_none  |  ClusterEta_17_read  |    scalar    |
|ClusterEta_18_read    |  in |   16|   ap_none  |  ClusterEta_18_read  |    scalar    |
|ClusterEta_19_read    |  in |   16|   ap_none  |  ClusterEta_19_read  |    scalar    |
|ClusterEta_20_read    |  in |   16|   ap_none  |  ClusterEta_20_read  |    scalar    |
|ClusterEta_21_read    |  in |   16|   ap_none  |  ClusterEta_21_read  |    scalar    |
|ClusterEta_22_read    |  in |   16|   ap_none  |  ClusterEta_22_read  |    scalar    |
|ClusterEta_23_read    |  in |   16|   ap_none  |  ClusterEta_23_read  |    scalar    |
|ClusterEta_24_read    |  in |   16|   ap_none  |  ClusterEta_24_read  |    scalar    |
|ClusterEta_25_read    |  in |   16|   ap_none  |  ClusterEta_25_read  |    scalar    |
|ClusterEta_26_read    |  in |   16|   ap_none  |  ClusterEta_26_read  |    scalar    |
|ClusterEta_27_read    |  in |   16|   ap_none  |  ClusterEta_27_read  |    scalar    |
|ClusterEta_28_read    |  in |   16|   ap_none  |  ClusterEta_28_read  |    scalar    |
|ClusterEta_29_read    |  in |   16|   ap_none  |  ClusterEta_29_read  |    scalar    |
|ClusterEta_30_read    |  in |   16|   ap_none  |  ClusterEta_30_read  |    scalar    |
|ClusterEta_31_read    |  in |   16|   ap_none  |  ClusterEta_31_read  |    scalar    |
|ClusterPhi_0_read     |  in |   16|   ap_none  |   ClusterPhi_0_read  |    scalar    |
|ClusterPhi_1_read     |  in |   16|   ap_none  |   ClusterPhi_1_read  |    scalar    |
|ClusterPhi_2_read     |  in |   16|   ap_none  |   ClusterPhi_2_read  |    scalar    |
|ClusterPhi_3_read     |  in |   16|   ap_none  |   ClusterPhi_3_read  |    scalar    |
|ClusterPhi_4_read     |  in |   16|   ap_none  |   ClusterPhi_4_read  |    scalar    |
|ClusterPhi_5_read     |  in |   16|   ap_none  |   ClusterPhi_5_read  |    scalar    |
|ClusterPhi_6_read     |  in |   16|   ap_none  |   ClusterPhi_6_read  |    scalar    |
|ClusterPhi_7_read     |  in |   16|   ap_none  |   ClusterPhi_7_read  |    scalar    |
|ClusterPhi_8_read     |  in |   16|   ap_none  |   ClusterPhi_8_read  |    scalar    |
|ClusterPhi_9_read     |  in |   16|   ap_none  |   ClusterPhi_9_read  |    scalar    |
|ClusterPhi_10_read    |  in |   16|   ap_none  |  ClusterPhi_10_read  |    scalar    |
|ClusterPhi_11_read    |  in |   16|   ap_none  |  ClusterPhi_11_read  |    scalar    |
|ClusterPhi_12_read    |  in |   16|   ap_none  |  ClusterPhi_12_read  |    scalar    |
|ClusterPhi_13_read    |  in |   16|   ap_none  |  ClusterPhi_13_read  |    scalar    |
|ClusterPhi_14_read    |  in |   16|   ap_none  |  ClusterPhi_14_read  |    scalar    |
|ClusterPhi_15_read    |  in |   16|   ap_none  |  ClusterPhi_15_read  |    scalar    |
|ClusterPhi_16_read    |  in |   16|   ap_none  |  ClusterPhi_16_read  |    scalar    |
|ClusterPhi_17_read    |  in |   16|   ap_none  |  ClusterPhi_17_read  |    scalar    |
|ClusterPhi_18_read    |  in |   16|   ap_none  |  ClusterPhi_18_read  |    scalar    |
|ClusterPhi_19_read    |  in |   16|   ap_none  |  ClusterPhi_19_read  |    scalar    |
|ClusterPhi_20_read    |  in |   16|   ap_none  |  ClusterPhi_20_read  |    scalar    |
|ClusterPhi_21_read    |  in |   16|   ap_none  |  ClusterPhi_21_read  |    scalar    |
|ClusterPhi_22_read    |  in |   16|   ap_none  |  ClusterPhi_22_read  |    scalar    |
|ClusterPhi_23_read    |  in |   16|   ap_none  |  ClusterPhi_23_read  |    scalar    |
|ClusterPhi_24_read    |  in |   16|   ap_none  |  ClusterPhi_24_read  |    scalar    |
|ClusterPhi_25_read    |  in |   16|   ap_none  |  ClusterPhi_25_read  |    scalar    |
|ClusterPhi_26_read    |  in |   16|   ap_none  |  ClusterPhi_26_read  |    scalar    |
|ClusterPhi_27_read    |  in |   16|   ap_none  |  ClusterPhi_27_read  |    scalar    |
|ClusterPhi_28_read    |  in |   16|   ap_none  |  ClusterPhi_28_read  |    scalar    |
|ClusterPhi_29_read    |  in |   16|   ap_none  |  ClusterPhi_29_read  |    scalar    |
|ClusterPhi_30_read    |  in |   16|   ap_none  |  ClusterPhi_30_read  |    scalar    |
|ClusterPhi_31_read    |  in |   16|   ap_none  |  ClusterPhi_31_read  |    scalar    |
+----------------------+-----+-----+------------+----------------------+--------------+

